---
source: crates/fig-lexer/tests/integration_tests.rs
expression: tokens
---
- Using
- Core
- ColonColon
- Ident: memory
- Newline
- Const
- Ident: FRACTION_BITS
- Colon
- U32
- Eq
- IntegerLiteral:
    base: Decimal
    digits: "16"
    suffix: ~
- Newline
- Const
- Ident: FRACTION_MASK
- Colon
- I64
- Eq
- IntegerLiteral:
    base: Hex
    digits: FFFF
    suffix: ~
- Newline
- Const
- Ident: ONE
- Colon
- I64
- Eq
- IntegerLiteral:
    base: Decimal
    digits: "65536"
    suffix: ~
- Newline
- Export
- Struct
- Ident: Fixed
- Newline
- Indent
- Raw
- Colon
- I64
- Newline
- Dedent
- Func
- Bang
- Ident: Fixed
- ColonColon
- Ident: from_int
- LParen
- Ident: value
- Colon
- I32
- RParen
- Arrow
- Ident: Fixed
- Newline
- Indent
- Return
- Ident: Fixed
- LParen
- Raw
- Colon
- LParen
- Ident: value
- As
- I64
- RParen
- Shl
- Ident: FRACTION_BITS
- RParen
- Newline
- Dedent
- Func
- Bang
- Ident: Fixed
- ColonColon
- Ident: from_float
- LParen
- Ident: value
- Colon
- F64
- RParen
- Arrow
- Ident: Fixed
- Newline
- Indent
- Return
- Ident: Fixed
- LParen
- Raw
- Colon
- LParen
- Ident: value
- Star
- LParen
- Ident: ONE
- As
- F64
- RParen
- RParen
- As
- I64
- RParen
- Newline
- Dedent
- Func
- Bang
- Ident: Fixed
- ColonColon
- Ident: from_raw
- LParen
- Raw
- Colon
- I64
- RParen
- Arrow
- Ident: Fixed
- Newline
- Indent
- Return
- Ident: Fixed
- LParen
- Raw
- Colon
- Raw
- RParen
- Newline
- Dedent
- Func
- Ident: Fixed
- ColonColon
- Ident: to_int
- LParen
- Star
- SelfLower
- RParen
- Arrow
- I32
- Newline
- Indent
- Return
- LParen
- SelfLower
- Dot
- Raw
- Shr
- Ident: FRACTION_BITS
- RParen
- As
- I32
- Newline
- Dedent
- Func
- Ident: Fixed
- ColonColon
- Ident: to_float
- LParen
- Star
- SelfLower
- RParen
- Arrow
- F64
- Newline
- Indent
- Return
- LParen
- SelfLower
- Dot
- Raw
- As
- F64
- RParen
- Slash
- LParen
- Ident: ONE
- As
- F64
- RParen
- Newline
- Dedent
- Func
- Ident: Fixed
- ColonColon
- Ident: add
- LParen
- Star
- SelfLower
- Comma
- Ident: other
- Colon
- Ident: Fixed
- RParen
- Arrow
- Ident: Fixed
- Newline
- Indent
- Return
- Ident: Fixed
- LParen
- Raw
- Colon
- SelfLower
- Dot
- Raw
- Plus
- Ident: other
- Dot
- Raw
- RParen
- Newline
- Dedent
- Func
- Ident: Fixed
- ColonColon
- Ident: sub
- LParen
- Star
- SelfLower
- Comma
- Ident: other
- Colon
- Ident: Fixed
- RParen
- Arrow
- Ident: Fixed
- Newline
- Indent
- Return
- Ident: Fixed
- LParen
- Raw
- Colon
- SelfLower
- Dot
- Raw
- Minus
- Ident: other
- Dot
- Raw
- RParen
- Newline
- Dedent
- Func
- Ident: Fixed
- ColonColon
- Ident: mul
- LParen
- Star
- SelfLower
- Comma
- Ident: other
- Colon
- Ident: Fixed
- RParen
- Arrow
- Ident: Fixed
- Newline
- Indent
- Let
- Ident: result
- Eq
- LParen
- SelfLower
- Dot
- Raw
- Star
- Ident: other
- Dot
- Raw
- RParen
- Shr
- Ident: FRACTION_BITS
- Newline
- Return
- Ident: Fixed
- LParen
- Raw
- Colon
- Ident: result
- RParen
- Newline
- Dedent
- Func
- Ident: Fixed
- ColonColon
- Ident: div
- LParen
- Star
- SelfLower
- Comma
- Ident: other
- Colon
- Ident: Fixed
- RParen
- Arrow
- Ident: Fixed
- Newline
- Indent
- Let
- Ident: result
- Eq
- LParen
- SelfLower
- Dot
- Raw
- Shl
- Ident: FRACTION_BITS
- RParen
- Slash
- Ident: other
- Dot
- Raw
- Newline
- Return
- Ident: Fixed
- LParen
- Raw
- Colon
- Ident: result
- RParen
- Newline
- Dedent
- Func
- Ident: Fixed
- ColonColon
- Ident: neg
- LParen
- Star
- SelfLower
- RParen
- Arrow
- Ident: Fixed
- Newline
- Indent
- Return
- Ident: Fixed
- LParen
- Raw
- Colon
- Minus
- SelfLower
- Dot
- Raw
- RParen
- Newline
- Dedent
- Func
- Ident: Fixed
- ColonColon
- Ident: abs
- LParen
- Star
- SelfLower
- RParen
- Arrow
- Ident: Fixed
- Newline
- Indent
- If
- SelfLower
- Dot
- Raw
- Lt
- IntegerLiteral:
    base: Decimal
    digits: "0"
    suffix: ~
- Newline
- Indent
- Return
- Ident: Fixed
- LParen
- Raw
- Colon
- Minus
- SelfLower
- Dot
- Raw
- RParen
- Newline
- Dedent
- Return
- Ident: Fixed
- LParen
- Raw
- Colon
- SelfLower
- Dot
- Raw
- RParen
- Newline
- Dedent
- Func
- Ident: Fixed
- ColonColon
- Ident: floor
- LParen
- Star
- SelfLower
- RParen
- Arrow
- Ident: Fixed
- Newline
- Indent
- Let
- Ident: mask
- Eq
- Bang
- LParen
- Ident: FRACTION_MASK
- RParen
- Newline
- Return
- Ident: Fixed
- LParen
- Raw
- Colon
- SelfLower
- Dot
- Raw
- And
- Ident: mask
- RParen
- Newline
- Dedent
- Func
- Ident: Fixed
- ColonColon
- Ident: ceil
- LParen
- Star
- SelfLower
- RParen
- Arrow
- Ident: Fixed
- Newline
- Indent
- Let
- Ident: floored
- Eq
- SelfLower
- Dot
- Ident: floor
- LParen
- RParen
- Newline
- If
- SelfLower
- Dot
- Raw
- Gt
- Ident: floored
- Dot
- Raw
- Newline
- Indent
- Return
- Ident: floored
- Dot
- Ident: add
- LParen
- Ident: Fixed
- ColonColon
- Ident: from_int
- LParen
- IntegerLiteral:
    base: Decimal
    digits: "1"
    suffix: ~
- RParen
- RParen
- Newline
- Dedent
- Return
- Ident: floored
- Newline
- Dedent
- Func
- Ident: Fixed
- ColonColon
- Ident: round
- LParen
- Star
- SelfLower
- RParen
- Arrow
- Ident: Fixed
- Newline
- Indent
- Let
- Ident: half
- Eq
- Ident: Fixed
- ColonColon
- Ident: from_raw
- LParen
- Ident: ONE
- Shr
- IntegerLiteral:
    base: Decimal
    digits: "1"
    suffix: ~
- RParen
- Newline
- Return
- SelfLower
- Dot
- Ident: add
- LParen
- Ident: half
- RParen
- Dot
- Ident: floor
- LParen
- RParen
- Newline
- Dedent
- Func
- Ident: Fixed
- ColonColon
- Ident: sqrt
- LParen
- Star
- SelfLower
- RParen
- Arrow
- Ident: Fixed
- Newline
- Indent
- If
- SelfLower
- Dot
- Raw
- Le
- IntegerLiteral:
    base: Decimal
    digits: "0"
    suffix: ~
- Newline
- Indent
- Return
- Ident: Fixed
- ColonColon
- Ident: from_int
- LParen
- IntegerLiteral:
    base: Decimal
    digits: "0"
    suffix: ~
- RParen
- Newline
- Dedent
- Mut
- Ident: x
- Eq
- SelfLower
- Dot
- Raw
- Newline
- Mut
- Ident: result
- Eq
- Ident: x
- Newline
- For
- Ident: i
- In
- Ident: range
- LParen
- IntegerLiteral:
    base: Decimal
    digits: "0"
    suffix: ~
- Comma
- IntegerLiteral:
    base: Decimal
    digits: "20"
    suffix: ~
- RParen
- Newline
- Indent
- Let
- Ident: last
- Eq
- Ident: result
- Newline
- Ident: result
- Eq
- LParen
- Ident: result
- Plus
- LParen
- SelfLower
- Dot
- Raw
- Shl
- Ident: FRACTION_BITS
- RParen
- Slash
- Ident: result
- RParen
- Shr
- IntegerLiteral:
    base: Decimal
    digits: "1"
    suffix: ~
- Newline
- If
- Ident: result
- EqEq
- Ident: last
- Newline
- Indent
- Break
- Newline
- Dedent
- Dedent
- Return
- Ident: Fixed
- LParen
- Raw
- Colon
- Ident: result
- RParen
- Newline
- Dedent
- Func
- Ident: Fixed
- ColonColon
- Ident: sin
- LParen
- Star
- SelfLower
- RParen
- Arrow
- Ident: Fixed
- Newline
- Indent
- Let
- Ident: pi
- Eq
- Ident: Fixed
- ColonColon
- Ident: pi
- LParen
- RParen
- Newline
- Let
- Ident: two_pi
- Eq
- Ident: pi
- Dot
- Ident: mul
- LParen
- Ident: Fixed
- ColonColon
- Ident: from_int
- LParen
- IntegerLiteral:
    base: Decimal
    digits: "2"
    suffix: ~
- RParen
- RParen
- Newline
- Mut
- Ident: angle
- Eq
- SelfLower
- Newline
- For
- Ident: i
- In
- Ident: range
- LParen
- IntegerLiteral:
    base: Decimal
    digits: "0"
    suffix: ~
- Comma
- IntegerLiteral:
    base: Decimal
    digits: "100"
    suffix: ~
- RParen
- Newline
- Indent
- If
- Ident: angle
- Dot
- Raw
- Lt
- IntegerLiteral:
    base: Decimal
    digits: "0"
    suffix: ~
- Newline
- Indent
- Ident: angle
- Eq
- Ident: angle
- Dot
- Ident: add
- LParen
- Ident: two_pi
- RParen
- Newline
- Dedent
- Elif
- Ident: angle
- Dot
- Raw
- Ge
- Ident: two_pi
- Dot
- Raw
- Newline
- Indent
- Ident: angle
- Eq
- Ident: angle
- Dot
- Ident: sub
- LParen
- Ident: two_pi
- RParen
- Newline
- Dedent
- Else
- Newline
- Indent
- Break
- Newline
- Dedent
- Dedent
- Let
- Ident: result
- Eq
- Ident: angle
- Dot
- Ident: taylor_series_sin
- LParen
- RParen
- Newline
- Return
- Ident: result
- Newline
- Dedent
- Func
- Ident: Fixed
- ColonColon
- Ident: cos
- LParen
- Star
- SelfLower
- RParen
- Arrow
- Ident: Fixed
- Newline
- Indent
- Let
- Ident: half_pi
- Eq
- Ident: Fixed
- ColonColon
- Ident: pi
- LParen
- RParen
- Dot
- Ident: div
- LParen
- Ident: Fixed
- ColonColon
- Ident: from_int
- LParen
- IntegerLiteral:
    base: Decimal
    digits: "2"
    suffix: ~
- RParen
- RParen
- Newline
- Return
- SelfLower
- Dot
- Ident: add
- LParen
- Ident: half_pi
- RParen
- Dot
- Ident: sin
- LParen
- RParen
- Newline
- Dedent
- Func
- Ident: Fixed
- ColonColon
- Ident: taylor_series_sin
- LParen
- Star
- SelfLower
- RParen
- Arrow
- Ident: Fixed
- Newline
- Indent
- Mut
- Ident: result
- Eq
- Ident: Fixed
- ColonColon
- Ident: from_int
- LParen
- IntegerLiteral:
    base: Decimal
    digits: "0"
    suffix: ~
- RParen
- Newline
- Mut
- Ident: term
- Eq
- SelfLower
- Newline
- Mut
- Ident: x_squared
- Eq
- SelfLower
- Dot
- Ident: mul
- LParen
- SelfLower
- RParen
- Newline
- For
- Ident: n
- In
- Ident: range
- LParen
- IntegerLiteral:
    base: Decimal
    digits: "0"
    suffix: ~
- Comma
- IntegerLiteral:
    base: Decimal
    digits: "10"
    suffix: ~
- RParen
- Newline
- Indent
- If
- Ident: n
- Percent
- IntegerLiteral:
    base: Decimal
    digits: "2"
    suffix: ~
- EqEq
- IntegerLiteral:
    base: Decimal
    digits: "0"
    suffix: ~
- Newline
- Indent
- Ident: result
- Eq
- Ident: result
- Dot
- Ident: add
- LParen
- Ident: term
- RParen
- Newline
- Dedent
- Else
- Newline
- Indent
- Ident: result
- Eq
- Ident: result
- Dot
- Ident: sub
- LParen
- Ident: term
- RParen
- Newline
- Dedent
- Let
- Ident: n2
- Eq
- LParen
- IntegerLiteral:
    base: Decimal
    digits: "2"
    suffix: ~
- Star
- Ident: n
- Plus
- IntegerLiteral:
    base: Decimal
    digits: "2"
    suffix: ~
- RParen
- As
- I32
- Newline
- Let
- Ident: n3
- Eq
- LParen
- IntegerLiteral:
    base: Decimal
    digits: "2"
    suffix: ~
- Star
- Ident: n
- Plus
- IntegerLiteral:
    base: Decimal
    digits: "3"
    suffix: ~
- RParen
- As
- I32
- Newline
- Ident: term
- Eq
- Ident: term
- Dot
- Ident: mul
- LParen
- Ident: x_squared
- RParen
- Dot
- Ident: div
- LParen
- Ident: Fixed
- ColonColon
- Ident: from_int
- LParen
- Ident: n2
- Star
- Ident: n3
- RParen
- RParen
- Newline
- Dedent
- Return
- Ident: result
- Newline
- Dedent
- Func
- Ident: Fixed
- ColonColon
- Ident: pi
- LParen
- RParen
- Arrow
- Ident: Fixed
- Newline
- Indent
- Return
- Ident: Fixed
- ColonColon
- Ident: from_raw
- LParen
- IntegerLiteral:
    base: Decimal
    digits: "205887"
    suffix: ~
- RParen
- Newline
- Dedent
- Func
- Ident: Fixed
- ColonColon
- Ident: e
- LParen
- RParen
- Arrow
- Ident: Fixed
- Newline
- Indent
- Return
- Ident: Fixed
- ColonColon
- Ident: from_raw
- LParen
- IntegerLiteral:
    base: Decimal
    digits: "178145"
    suffix: ~
- RParen
- Newline
- Dedent
- Func
- Ident: Fixed
- ColonColon
- Ident: eq
- LParen
- Star
- SelfLower
- Comma
- Ident: other
- Colon
- Ident: Fixed
- RParen
- Arrow
- Bool
- Newline
- Indent
- Return
- SelfLower
- Dot
- Raw
- EqEq
- Ident: other
- Dot
- Raw
- Newline
- Dedent
- Func
- Ident: Fixed
- ColonColon
- Ident: ne
- LParen
- Star
- SelfLower
- Comma
- Ident: other
- Colon
- Ident: Fixed
- RParen
- Arrow
- Bool
- Newline
- Indent
- Return
- SelfLower
- Dot
- Raw
- Ne
- Ident: other
- Dot
- Raw
- Newline
- Dedent
- Func
- Ident: Fixed
- ColonColon
- Ident: lt
- LParen
- Star
- SelfLower
- Comma
- Ident: other
- Colon
- Ident: Fixed
- RParen
- Arrow
- Bool
- Newline
- Indent
- Return
- SelfLower
- Dot
- Raw
- Lt
- Ident: other
- Dot
- Raw
- Newline
- Dedent
- Func
- Ident: Fixed
- ColonColon
- Ident: le
- LParen
- Star
- SelfLower
- Comma
- Ident: other
- Colon
- Ident: Fixed
- RParen
- Arrow
- Bool
- Newline
- Indent
- Return
- SelfLower
- Dot
- Raw
- Le
- Ident: other
- Dot
- Raw
- Newline
- Dedent
- Func
- Ident: Fixed
- ColonColon
- Ident: gt
- LParen
- Star
- SelfLower
- Comma
- Ident: other
- Colon
- Ident: Fixed
- RParen
- Arrow
- Bool
- Newline
- Indent
- Return
- SelfLower
- Dot
- Raw
- Gt
- Ident: other
- Dot
- Raw
- Newline
- Dedent
- Func
- Ident: Fixed
- ColonColon
- Ident: ge
- LParen
- Star
- SelfLower
- Comma
- Ident: other
- Colon
- Ident: Fixed
- RParen
- Arrow
- Bool
- Newline
- Indent
- Return
- SelfLower
- Dot
- Raw
- Ge
- Ident: other
- Dot
- Raw
- Newline
- Dedent
- Export
- Struct
- Ident: Vec2
- Newline
- Indent
- Ident: x
- Colon
- Ident: Fixed
- Newline
- Ident: y
- Colon
- Ident: Fixed
- Newline
- Dedent
- Func
- Bang
- Ident: Vec2
- ColonColon
- Ident: new
- LParen
- Ident: x
- Colon
- Ident: Fixed
- Comma
- Ident: y
- Colon
- Ident: Fixed
- RParen
- Arrow
- Ident: Vec2
- Newline
- Indent
- Return
- Ident: Vec2
- LParen
- Ident: x
- Colon
- Ident: x
- Comma
- Ident: y
- Colon
- Ident: y
- RParen
- Newline
- Dedent
- Func
- Bang
- Ident: Vec2
- ColonColon
- Ident: zero
- LParen
- RParen
- Arrow
- Ident: Vec2
- Newline
- Indent
- Return
- Ident: Vec2
- LParen
- Ident: x
- Colon
- Ident: Fixed
- ColonColon
- Ident: from_int
- LParen
- IntegerLiteral:
    base: Decimal
    digits: "0"
    suffix: ~
- RParen
- Comma
- Ident: y
- Colon
- Ident: Fixed
- ColonColon
- Ident: from_int
- LParen
- IntegerLiteral:
    base: Decimal
    digits: "0"
    suffix: ~
- RParen
- RParen
- Newline
- Dedent
- Func
- Ident: Vec2
- ColonColon
- Ident: add
- LParen
- Star
- SelfLower
- Comma
- Ident: other
- Colon
- Ident: Vec2
- RParen
- Arrow
- Ident: Vec2
- Newline
- Indent
- Return
- Ident: Vec2
- LParen
- Newline
- Indent
- Ident: x
- Colon
- SelfLower
- Dot
- Ident: x
- Dot
- Ident: add
- LParen
- Ident: other
- Dot
- Ident: x
- RParen
- Comma
- Newline
- Ident: y
- Colon
- SelfLower
- Dot
- Ident: y
- Dot
- Ident: add
- LParen
- Ident: other
- Dot
- Ident: y
- RParen
- Newline
- Dedent
- RParen
- Newline
- Dedent
- Func
- Ident: Vec2
- ColonColon
- Ident: sub
- LParen
- Star
- SelfLower
- Comma
- Ident: other
- Colon
- Ident: Vec2
- RParen
- Arrow
- Ident: Vec2
- Newline
- Indent
- Return
- Ident: Vec2
- LParen
- Newline
- Indent
- Ident: x
- Colon
- SelfLower
- Dot
- Ident: x
- Dot
- Ident: sub
- LParen
- Ident: other
- Dot
- Ident: x
- RParen
- Comma
- Newline
- Ident: y
- Colon
- SelfLower
- Dot
- Ident: y
- Dot
- Ident: sub
- LParen
- Ident: other
- Dot
- Ident: y
- RParen
- Newline
- Dedent
- RParen
- Newline
- Dedent
- Func
- Ident: Vec2
- ColonColon
- Ident: mul_scalar
- LParen
- Star
- SelfLower
- Comma
- Ident: scalar
- Colon
- Ident: Fixed
- RParen
- Arrow
- Ident: Vec2
- Newline
- Indent
- Return
- Ident: Vec2
- LParen
- Newline
- Indent
- Ident: x
- Colon
- SelfLower
- Dot
- Ident: x
- Dot
- Ident: mul
- LParen
- Ident: scalar
- RParen
- Comma
- Newline
- Ident: y
- Colon
- SelfLower
- Dot
- Ident: y
- Dot
- Ident: mul
- LParen
- Ident: scalar
- RParen
- Newline
- Dedent
- RParen
- Newline
- Dedent
- Func
- Ident: Vec2
- ColonColon
- Ident: dot
- LParen
- Star
- SelfLower
- Comma
- Ident: other
- Colon
- Ident: Vec2
- RParen
- Arrow
- Ident: Fixed
- Newline
- Indent
- Let
- Ident: x_prod
- Eq
- SelfLower
- Dot
- Ident: x
- Dot
- Ident: mul
- LParen
- Ident: other
- Dot
- Ident: x
- RParen
- Newline
- Let
- Ident: y_prod
- Eq
- SelfLower
- Dot
- Ident: y
- Dot
- Ident: mul
- LParen
- Ident: other
- Dot
- Ident: y
- RParen
- Newline
- Return
- Ident: x_prod
- Dot
- Ident: add
- LParen
- Ident: y_prod
- RParen
- Newline
- Dedent
- Func
- Ident: Vec2
- ColonColon
- Ident: length_squared
- LParen
- Star
- SelfLower
- RParen
- Arrow
- Ident: Fixed
- Newline
- Indent
- Return
- SelfLower
- Dot
- Ident: dot
- LParen
- SelfLower
- RParen
- Newline
- Dedent
- Func
- Ident: Vec2
- ColonColon
- Ident: length
- LParen
- Star
- SelfLower
- RParen
- Arrow
- Ident: Fixed
- Newline
- Indent
- Return
- SelfLower
- Dot
- Ident: length_squared
- LParen
- RParen
- Dot
- Ident: sqrt
- LParen
- RParen
- Newline
- Dedent
- Func
- Ident: Vec2
- ColonColon
- Ident: normalize
- LParen
- Star
- SelfLower
- RParen
- Arrow
- Ident: Vec2
- Newline
- Indent
- Let
- Ident: len
- Eq
- SelfLower
- Dot
- Ident: length
- LParen
- RParen
- Newline
- If
- Ident: len
- Dot
- Raw
- EqEq
- IntegerLiteral:
    base: Decimal
    digits: "0"
    suffix: ~
- Newline
- Indent
- Return
- Ident: Vec2
- ColonColon
- Ident: zero
- LParen
- RParen
- Newline
- Dedent
- Return
- SelfLower
- Dot
- Ident: mul_scalar
- LParen
- Ident: Fixed
- ColonColon
- Ident: from_int
- LParen
- IntegerLiteral:
    base: Decimal
    digits: "1"
    suffix: ~
- RParen
- Dot
- Ident: div
- LParen
- Ident: len
- RParen
- RParen
- Newline
- Dedent
- Func
- Ident: Vec2
- ColonColon
- Ident: distance
- LParen
- Star
- SelfLower
- Comma
- Ident: other
- Colon
- Ident: Vec2
- RParen
- Arrow
- Ident: Fixed
- Newline
- Indent
- Return
- SelfLower
- Dot
- Ident: sub
- LParen
- Ident: other
- RParen
- Dot
- Ident: length
- LParen
- RParen
- Newline
- Dedent
- Export
- Struct
- Ident: Vec3
- Newline
- Indent
- Ident: x
- Colon
- Ident: Fixed
- Newline
- Ident: y
- Colon
- Ident: Fixed
- Newline
- Ident: z
- Colon
- Ident: Fixed
- Newline
- Dedent
- Func
- Bang
- Ident: Vec3
- ColonColon
- Ident: new
- LParen
- Ident: x
- Colon
- Ident: Fixed
- Comma
- Ident: y
- Colon
- Ident: Fixed
- Comma
- Ident: z
- Colon
- Ident: Fixed
- RParen
- Arrow
- Ident: Vec3
- Newline
- Indent
- Return
- Ident: Vec3
- LParen
- Ident: x
- Colon
- Ident: x
- Comma
- Ident: y
- Colon
- Ident: y
- Comma
- Ident: z
- Colon
- Ident: z
- RParen
- Newline
- Dedent
- Func
- Bang
- Ident: Vec3
- ColonColon
- Ident: zero
- LParen
- RParen
- Arrow
- Ident: Vec3
- Newline
- Indent
- Return
- Ident: Vec3
- LParen
- Newline
- Indent
- Ident: x
- Colon
- Ident: Fixed
- ColonColon
- Ident: from_int
- LParen
- IntegerLiteral:
    base: Decimal
    digits: "0"
    suffix: ~
- RParen
- Comma
- Newline
- Ident: y
- Colon
- Ident: Fixed
- ColonColon
- Ident: from_int
- LParen
- IntegerLiteral:
    base: Decimal
    digits: "0"
    suffix: ~
- RParen
- Comma
- Newline
- Ident: z
- Colon
- Ident: Fixed
- ColonColon
- Ident: from_int
- LParen
- IntegerLiteral:
    base: Decimal
    digits: "0"
    suffix: ~
- RParen
- Newline
- Dedent
- RParen
- Newline
- Dedent
- Func
- Ident: Vec3
- ColonColon
- Ident: add
- LParen
- Star
- SelfLower
- Comma
- Ident: other
- Colon
- Ident: Vec3
- RParen
- Arrow
- Ident: Vec3
- Newline
- Indent
- Return
- Ident: Vec3
- LParen
- Newline
- Indent
- Ident: x
- Colon
- SelfLower
- Dot
- Ident: x
- Dot
- Ident: add
- LParen
- Ident: other
- Dot
- Ident: x
- RParen
- Comma
- Newline
- Ident: y
- Colon
- SelfLower
- Dot
- Ident: y
- Dot
- Ident: add
- LParen
- Ident: other
- Dot
- Ident: y
- RParen
- Comma
- Newline
- Ident: z
- Colon
- SelfLower
- Dot
- Ident: z
- Dot
- Ident: add
- LParen
- Ident: other
- Dot
- Ident: z
- RParen
- Newline
- Dedent
- RParen
- Newline
- Dedent
- Func
- Ident: Vec3
- ColonColon
- Ident: sub
- LParen
- Star
- SelfLower
- Comma
- Ident: other
- Colon
- Ident: Vec3
- RParen
- Arrow
- Ident: Vec3
- Newline
- Indent
- Return
- Ident: Vec3
- LParen
- Newline
- Indent
- Ident: x
- Colon
- SelfLower
- Dot
- Ident: x
- Dot
- Ident: sub
- LParen
- Ident: other
- Dot
- Ident: x
- RParen
- Comma
- Newline
- Ident: y
- Colon
- SelfLower
- Dot
- Ident: y
- Dot
- Ident: sub
- LParen
- Ident: other
- Dot
- Ident: y
- RParen
- Comma
- Newline
- Ident: z
- Colon
- SelfLower
- Dot
- Ident: z
- Dot
- Ident: sub
- LParen
- Ident: other
- Dot
- Ident: z
- RParen
- Newline
- Dedent
- RParen
- Newline
- Dedent
- Func
- Ident: Vec3
- ColonColon
- Ident: mul_scalar
- LParen
- Star
- SelfLower
- Comma
- Ident: scalar
- Colon
- Ident: Fixed
- RParen
- Arrow
- Ident: Vec3
- Newline
- Indent
- Return
- Ident: Vec3
- LParen
- Newline
- Indent
- Ident: x
- Colon
- SelfLower
- Dot
- Ident: x
- Dot
- Ident: mul
- LParen
- Ident: scalar
- RParen
- Comma
- Newline
- Ident: y
- Colon
- SelfLower
- Dot
- Ident: y
- Dot
- Ident: mul
- LParen
- Ident: scalar
- RParen
- Comma
- Newline
- Ident: z
- Colon
- SelfLower
- Dot
- Ident: z
- Dot
- Ident: mul
- LParen
- Ident: scalar
- RParen
- Newline
- Dedent
- RParen
- Newline
- Dedent
- Func
- Ident: Vec3
- ColonColon
- Ident: dot
- LParen
- Star
- SelfLower
- Comma
- Ident: other
- Colon
- Ident: Vec3
- RParen
- Arrow
- Ident: Fixed
- Newline
- Indent
- Let
- Ident: x_prod
- Eq
- SelfLower
- Dot
- Ident: x
- Dot
- Ident: mul
- LParen
- Ident: other
- Dot
- Ident: x
- RParen
- Newline
- Let
- Ident: y_prod
- Eq
- SelfLower
- Dot
- Ident: y
- Dot
- Ident: mul
- LParen
- Ident: other
- Dot
- Ident: y
- RParen
- Newline
- Let
- Ident: z_prod
- Eq
- SelfLower
- Dot
- Ident: z
- Dot
- Ident: mul
- LParen
- Ident: other
- Dot
- Ident: z
- RParen
- Newline
- Return
- Ident: x_prod
- Dot
- Ident: add
- LParen
- Ident: y_prod
- RParen
- Dot
- Ident: add
- LParen
- Ident: z_prod
- RParen
- Newline
- Dedent
- Func
- Ident: Vec3
- ColonColon
- Ident: cross
- LParen
- Star
- SelfLower
- Comma
- Ident: other
- Colon
- Ident: Vec3
- RParen
- Arrow
- Ident: Vec3
- Newline
- Indent
- Return
- Ident: Vec3
- LParen
- Newline
- Indent
- Ident: x
- Colon
- SelfLower
- Dot
- Ident: y
- Dot
- Ident: mul
- LParen
- Ident: other
- Dot
- Ident: z
- RParen
- Dot
- Ident: sub
- LParen
- SelfLower
- Dot
- Ident: z
- Dot
- Ident: mul
- LParen
- Ident: other
- Dot
- Ident: y
- RParen
- RParen
- Comma
- Newline
- Ident: y
- Colon
- SelfLower
- Dot
- Ident: z
- Dot
- Ident: mul
- LParen
- Ident: other
- Dot
- Ident: x
- RParen
- Dot
- Ident: sub
- LParen
- SelfLower
- Dot
- Ident: x
- Dot
- Ident: mul
- LParen
- Ident: other
- Dot
- Ident: z
- RParen
- RParen
- Comma
- Newline
- Ident: z
- Colon
- SelfLower
- Dot
- Ident: x
- Dot
- Ident: mul
- LParen
- Ident: other
- Dot
- Ident: y
- RParen
- Dot
- Ident: sub
- LParen
- SelfLower
- Dot
- Ident: y
- Dot
- Ident: mul
- LParen
- Ident: other
- Dot
- Ident: x
- RParen
- RParen
- Newline
- Dedent
- RParen
- Newline
- Dedent
- Func
- Ident: Vec3
- ColonColon
- Ident: length_squared
- LParen
- Star
- SelfLower
- RParen
- Arrow
- Ident: Fixed
- Newline
- Indent
- Return
- SelfLower
- Dot
- Ident: dot
- LParen
- SelfLower
- RParen
- Newline
- Dedent
- Func
- Ident: Vec3
- ColonColon
- Ident: length
- LParen
- Star
- SelfLower
- RParen
- Arrow
- Ident: Fixed
- Newline
- Indent
- Return
- SelfLower
- Dot
- Ident: length_squared
- LParen
- RParen
- Dot
- Ident: sqrt
- LParen
- RParen
- Newline
- Dedent
- Func
- Ident: Vec3
- ColonColon
- Ident: normalize
- LParen
- Star
- SelfLower
- RParen
- Arrow
- Ident: Vec3
- Newline
- Indent
- Let
- Ident: len
- Eq
- SelfLower
- Dot
- Ident: length
- LParen
- RParen
- Newline
- If
- Ident: len
- Dot
- Raw
- EqEq
- IntegerLiteral:
    base: Decimal
    digits: "0"
    suffix: ~
- Newline
- Indent
- Return
- Ident: Vec3
- ColonColon
- Ident: zero
- LParen
- RParen
- Newline
- Dedent
- Return
- SelfLower
- Dot
- Ident: mul_scalar
- LParen
- Ident: Fixed
- ColonColon
- Ident: from_int
- LParen
- IntegerLiteral:
    base: Decimal
    digits: "1"
    suffix: ~
- RParen
- Dot
- Ident: div
- LParen
- Ident: len
- RParen
- RParen
- Newline
- Dedent
- Export
- Struct
- Ident: Matrix3x3
- Newline
- Indent
- Ident: m00
- Colon
- Ident: Fixed
- Newline
- Ident: m01
- Colon
- Ident: Fixed
- Newline
- Ident: m02
- Colon
- Ident: Fixed
- Newline
- Ident: m10
- Colon
- Ident: Fixed
- Newline
- Ident: m11
- Colon
- Ident: Fixed
- Newline
- Ident: m12
- Colon
- Ident: Fixed
- Newline
- Ident: m20
- Colon
- Ident: Fixed
- Newline
- Ident: m21
- Colon
- Ident: Fixed
- Newline
- Ident: m22
- Colon
- Ident: Fixed
- Newline
- Dedent
- Func
- Bang
- Ident: Matrix3x3
- ColonColon
- Ident: identity
- LParen
- RParen
- Arrow
- Ident: Matrix3x3
- Newline
- Indent
- Return
- Ident: Matrix3x3
- LParen
- Newline
- Indent
- Ident: m00
- Colon
- Ident: Fixed
- ColonColon
- Ident: from_int
- LParen
- IntegerLiteral:
    base: Decimal
    digits: "1"
    suffix: ~
- RParen
- Comma
- Ident: m01
- Colon
- Ident: Fixed
- ColonColon
- Ident: from_int
- LParen
- IntegerLiteral:
    base: Decimal
    digits: "0"
    suffix: ~
- RParen
- Comma
- Ident: m02
- Colon
- Ident: Fixed
- ColonColon
- Ident: from_int
- LParen
- IntegerLiteral:
    base: Decimal
    digits: "0"
    suffix: ~
- RParen
- Comma
- Newline
- Ident: m10
- Colon
- Ident: Fixed
- ColonColon
- Ident: from_int
- LParen
- IntegerLiteral:
    base: Decimal
    digits: "0"
    suffix: ~
- RParen
- Comma
- Ident: m11
- Colon
- Ident: Fixed
- ColonColon
- Ident: from_int
- LParen
- IntegerLiteral:
    base: Decimal
    digits: "1"
    suffix: ~
- RParen
- Comma
- Ident: m12
- Colon
- Ident: Fixed
- ColonColon
- Ident: from_int
- LParen
- IntegerLiteral:
    base: Decimal
    digits: "0"
    suffix: ~
- RParen
- Comma
- Newline
- Ident: m20
- Colon
- Ident: Fixed
- ColonColon
- Ident: from_int
- LParen
- IntegerLiteral:
    base: Decimal
    digits: "0"
    suffix: ~
- RParen
- Comma
- Ident: m21
- Colon
- Ident: Fixed
- ColonColon
- Ident: from_int
- LParen
- IntegerLiteral:
    base: Decimal
    digits: "0"
    suffix: ~
- RParen
- Comma
- Ident: m22
- Colon
- Ident: Fixed
- ColonColon
- Ident: from_int
- LParen
- IntegerLiteral:
    base: Decimal
    digits: "1"
    suffix: ~
- RParen
- Newline
- Dedent
- RParen
- Newline
- Dedent
- Func
- Bang
- Ident: Matrix3x3
- ColonColon
- Ident: rotation_z
- LParen
- Ident: angle
- Colon
- Ident: Fixed
- RParen
- Arrow
- Ident: Matrix3x3
- Newline
- Indent
- Let
- Ident: cos_a
- Eq
- Ident: angle
- Dot
- Ident: cos
- LParen
- RParen
- Newline
- Let
- Ident: sin_a
- Eq
- Ident: angle
- Dot
- Ident: sin
- LParen
- RParen
- Newline
- Return
- Ident: Matrix3x3
- LParen
- Newline
- Indent
- Ident: m00
- Colon
- Ident: cos_a
- Comma
- Ident: m01
- Colon
- Ident: sin_a
- Dot
- Ident: neg
- LParen
- RParen
- Comma
- Ident: m02
- Colon
- Ident: Fixed
- ColonColon
- Ident: from_int
- LParen
- IntegerLiteral:
    base: Decimal
    digits: "0"
    suffix: ~
- RParen
- Comma
- Newline
- Ident: m10
- Colon
- Ident: sin_a
- Comma
- Ident: m11
- Colon
- Ident: cos_a
- Comma
- Ident: m12
- Colon
- Ident: Fixed
- ColonColon
- Ident: from_int
- LParen
- IntegerLiteral:
    base: Decimal
    digits: "0"
    suffix: ~
- RParen
- Comma
- Newline
- Ident: m20
- Colon
- Ident: Fixed
- ColonColon
- Ident: from_int
- LParen
- IntegerLiteral:
    base: Decimal
    digits: "0"
    suffix: ~
- RParen
- Comma
- Ident: m21
- Colon
- Ident: Fixed
- ColonColon
- Ident: from_int
- LParen
- IntegerLiteral:
    base: Decimal
    digits: "0"
    suffix: ~
- RParen
- Comma
- Ident: m22
- Colon
- Ident: Fixed
- ColonColon
- Ident: from_int
- LParen
- IntegerLiteral:
    base: Decimal
    digits: "1"
    suffix: ~
- RParen
- Newline
- Dedent
- RParen
- Newline
- Dedent
- Func
- Ident: Matrix3x3
- ColonColon
- Ident: mul
- LParen
- Star
- SelfLower
- Comma
- Ident: other
- Colon
- Ident: Matrix3x3
- RParen
- Arrow
- Ident: Matrix3x3
- Newline
- Indent
- Return
- Ident: Matrix3x3
- LParen
- Newline
- Indent
- Ident: m00
- Colon
- SelfLower
- Dot
- Ident: m00
- Dot
- Ident: mul
- LParen
- Ident: other
- Dot
- Ident: m00
- RParen
- Dot
- Ident: add
- LParen
- SelfLower
- Dot
- Ident: m01
- Dot
- Ident: mul
- LParen
- Ident: other
- Dot
- Ident: m10
- RParen
- RParen
- Dot
- Ident: add
- LParen
- SelfLower
- Dot
- Ident: m02
- Dot
- Ident: mul
- LParen
- Ident: other
- Dot
- Ident: m20
- RParen
- RParen
- Comma
- Newline
- Ident: m01
- Colon
- SelfLower
- Dot
- Ident: m00
- Dot
- Ident: mul
- LParen
- Ident: other
- Dot
- Ident: m01
- RParen
- Dot
- Ident: add
- LParen
- SelfLower
- Dot
- Ident: m01
- Dot
- Ident: mul
- LParen
- Ident: other
- Dot
- Ident: m11
- RParen
- RParen
- Dot
- Ident: add
- LParen
- SelfLower
- Dot
- Ident: m02
- Dot
- Ident: mul
- LParen
- Ident: other
- Dot
- Ident: m21
- RParen
- RParen
- Comma
- Newline
- Ident: m02
- Colon
- SelfLower
- Dot
- Ident: m00
- Dot
- Ident: mul
- LParen
- Ident: other
- Dot
- Ident: m02
- RParen
- Dot
- Ident: add
- LParen
- SelfLower
- Dot
- Ident: m01
- Dot
- Ident: mul
- LParen
- Ident: other
- Dot
- Ident: m12
- RParen
- RParen
- Dot
- Ident: add
- LParen
- SelfLower
- Dot
- Ident: m02
- Dot
- Ident: mul
- LParen
- Ident: other
- Dot
- Ident: m22
- RParen
- RParen
- Comma
- Newline
- Ident: m10
- Colon
- SelfLower
- Dot
- Ident: m10
- Dot
- Ident: mul
- LParen
- Ident: other
- Dot
- Ident: m00
- RParen
- Dot
- Ident: add
- LParen
- SelfLower
- Dot
- Ident: m11
- Dot
- Ident: mul
- LParen
- Ident: other
- Dot
- Ident: m10
- RParen
- RParen
- Dot
- Ident: add
- LParen
- SelfLower
- Dot
- Ident: m12
- Dot
- Ident: mul
- LParen
- Ident: other
- Dot
- Ident: m20
- RParen
- RParen
- Comma
- Newline
- Ident: m11
- Colon
- SelfLower
- Dot
- Ident: m10
- Dot
- Ident: mul
- LParen
- Ident: other
- Dot
- Ident: m01
- RParen
- Dot
- Ident: add
- LParen
- SelfLower
- Dot
- Ident: m11
- Dot
- Ident: mul
- LParen
- Ident: other
- Dot
- Ident: m11
- RParen
- RParen
- Dot
- Ident: add
- LParen
- SelfLower
- Dot
- Ident: m12
- Dot
- Ident: mul
- LParen
- Ident: other
- Dot
- Ident: m21
- RParen
- RParen
- Comma
- Newline
- Ident: m12
- Colon
- SelfLower
- Dot
- Ident: m10
- Dot
- Ident: mul
- LParen
- Ident: other
- Dot
- Ident: m02
- RParen
- Dot
- Ident: add
- LParen
- SelfLower
- Dot
- Ident: m11
- Dot
- Ident: mul
- LParen
- Ident: other
- Dot
- Ident: m12
- RParen
- RParen
- Dot
- Ident: add
- LParen
- SelfLower
- Dot
- Ident: m12
- Dot
- Ident: mul
- LParen
- Ident: other
- Dot
- Ident: m22
- RParen
- RParen
- Comma
- Newline
- Ident: m20
- Colon
- SelfLower
- Dot
- Ident: m20
- Dot
- Ident: mul
- LParen
- Ident: other
- Dot
- Ident: m00
- RParen
- Dot
- Ident: add
- LParen
- SelfLower
- Dot
- Ident: m21
- Dot
- Ident: mul
- LParen
- Ident: other
- Dot
- Ident: m10
- RParen
- RParen
- Dot
- Ident: add
- LParen
- SelfLower
- Dot
- Ident: m22
- Dot
- Ident: mul
- LParen
- Ident: other
- Dot
- Ident: m20
- RParen
- RParen
- Comma
- Newline
- Ident: m21
- Colon
- SelfLower
- Dot
- Ident: m20
- Dot
- Ident: mul
- LParen
- Ident: other
- Dot
- Ident: m01
- RParen
- Dot
- Ident: add
- LParen
- SelfLower
- Dot
- Ident: m21
- Dot
- Ident: mul
- LParen
- Ident: other
- Dot
- Ident: m11
- RParen
- RParen
- Dot
- Ident: add
- LParen
- SelfLower
- Dot
- Ident: m22
- Dot
- Ident: mul
- LParen
- Ident: other
- Dot
- Ident: m21
- RParen
- RParen
- Comma
- Newline
- Ident: m22
- Colon
- SelfLower
- Dot
- Ident: m20
- Dot
- Ident: mul
- LParen
- Ident: other
- Dot
- Ident: m02
- RParen
- Dot
- Ident: add
- LParen
- SelfLower
- Dot
- Ident: m21
- Dot
- Ident: mul
- LParen
- Ident: other
- Dot
- Ident: m12
- RParen
- RParen
- Dot
- Ident: add
- LParen
- SelfLower
- Dot
- Ident: m22
- Dot
- Ident: mul
- LParen
- Ident: other
- Dot
- Ident: m22
- RParen
- RParen
- Newline
- Dedent
- RParen
- Newline
- Dedent
- Func
- Ident: Matrix3x3
- ColonColon
- Ident: mul_vec
- LParen
- Star
- SelfLower
- Comma
- Ident: v
- Colon
- Ident: Vec3
- RParen
- Arrow
- Ident: Vec3
- Newline
- Indent
- Return
- Ident: Vec3
- LParen
- Newline
- Indent
- Ident: x
- Colon
- SelfLower
- Dot
- Ident: m00
- Dot
- Ident: mul
- LParen
- Ident: v
- Dot
- Ident: x
- RParen
- Dot
- Ident: add
- LParen
- SelfLower
- Dot
- Ident: m01
- Dot
- Ident: mul
- LParen
- Ident: v
- Dot
- Ident: y
- RParen
- RParen
- Dot
- Ident: add
- LParen
- SelfLower
- Dot
- Ident: m02
- Dot
- Ident: mul
- LParen
- Ident: v
- Dot
- Ident: z
- RParen
- RParen
- Comma
- Newline
- Ident: y
- Colon
- SelfLower
- Dot
- Ident: m10
- Dot
- Ident: mul
- LParen
- Ident: v
- Dot
- Ident: x
- RParen
- Dot
- Ident: add
- LParen
- SelfLower
- Dot
- Ident: m11
- Dot
- Ident: mul
- LParen
- Ident: v
- Dot
- Ident: y
- RParen
- RParen
- Dot
- Ident: add
- LParen
- SelfLower
- Dot
- Ident: m12
- Dot
- Ident: mul
- LParen
- Ident: v
- Dot
- Ident: z
- RParen
- RParen
- Comma
- Newline
- Ident: z
- Colon
- SelfLower
- Dot
- Ident: m20
- Dot
- Ident: mul
- LParen
- Ident: v
- Dot
- Ident: x
- RParen
- Dot
- Ident: add
- LParen
- SelfLower
- Dot
- Ident: m21
- Dot
- Ident: mul
- LParen
- Ident: v
- Dot
- Ident: y
- RParen
- RParen
- Dot
- Ident: add
- LParen
- SelfLower
- Dot
- Ident: m22
- Dot
- Ident: mul
- LParen
- Ident: v
- Dot
- Ident: z
- RParen
- RParen
- Newline
- Dedent
- RParen
- Newline
- Dedent
