---
source: crates/fig-lexer/tests/integration_tests.rs
expression: tokens
---
- Func
- Ident: mut_typed
- LParen
- RParen
- Arrow
- OkLiteral
- Newline
- Indent
- Mut
- Ident: a
- Colon
- I32
- Eq
- IntegerLiteral:
    base: Decimal
    digits: "0"
    suffix: ~
- Newline
- Mut
- Ident: b
- Colon
- F32
- Eq
- FloatLiteral:
    digits: "0.0"
    exponent: ~
    suffix: ~
- Newline
- Mut
- Ident: c
- Colon
- Bool
- Eq
- "False"
- Newline
- Mut
- Ident: d
- Colon
- U8
- Eq
- IntegerLiteral:
    base: Decimal
    digits: "0"
    suffix: ~
- Newline
- Mut
- Ident: counter
- Colon
- USize
- Eq
- IntegerLiteral:
    base: Decimal
    digits: "0"
    suffix: ~
- Newline
- Pass
- Newline
- Dedent
