---
source: crates/nyx-lexer/tests/integration_tests.rs
expression: tokens
---
- Newline
- Using
- Core
- Colon
- Colon
- Ident: memory
- Newline
- Const
- Ident: INITIAL_CAPACITY
- Colon
- USize
- Eq
- IntegerLiteral:
    base: Decimal
    digits: "16"
    suffix: ~
- Newline
- Const
- Ident: LOAD_FACTOR_THRESHOLD
- Colon
- F32
- Eq
- FloatLiteral:
    digits: "0.75"
    exponent: ~
    suffix: ~
- Newline
- Enum
- Ident: EntryState
- Newline
- Indent
- Ident: EMPTY
- Newline
- Ident: OCCUPIED
- Newline
- Ident: DELETED
- Newline
- Dedent
- Struct
- Ident: Entry
- LBracket
- Ident: K
- Comma
- Ident: V
- RBracket
- Newline
- Indent
- Ident: key
- Colon
- Ident: K
- Newline
- Ident: value
- Colon
- Ident: V
- Newline
- Ident: state
- Colon
- Ident: EntryState
- Newline
- Ident: hash
- Colon
- U64
- Newline
- Dedent
- Export
- Struct
- Ident: HashMap
- LBracket
- Ident: K
- Comma
- Ident: V
- RBracket
- Newline
- Indent
- Ident: entries
- Colon
- Star
- Mut
- Ident: Entry
- LBracket
- Ident: K
- Comma
- Ident: V
- RBracket
- Newline
- Ident: capacity
- Colon
- USize
- Newline
- Ident: size
- Colon
- USize
- Newline
- Ident: tombstones
- Colon
- USize
- Newline
- Dedent
- Func
- Bang
- Ident: HashMap
- LBracket
- Ident: K
- Comma
- Ident: V
- RBracket
- Colon
- Colon
- Ident: new
- LParen
- RParen
- Arrow
- Ident: HashMap
- LBracket
- Ident: K
- Comma
- Ident: V
- RBracket
- Newline
- Indent
- Return
- Ident: HashMap
- LBracket
- Ident: K
- Comma
- Ident: V
- RBracket
- LParen
- Newline
- Indent
- Ident: entries
- Colon
- Ident: allocate_entries
- LBracket
- Ident: K
- Comma
- Ident: V
- RBracket
- LParen
- Ident: INITIAL_CAPACITY
- RParen
- Comma
- Newline
- Ident: capacity
- Colon
- Ident: INITIAL_CAPACITY
- Comma
- Newline
- Ident: size
- Colon
- IntegerLiteral:
    base: Decimal
    digits: "0"
    suffix: ~
- Comma
- Newline
- Ident: tombstones
- Colon
- IntegerLiteral:
    base: Decimal
    digits: "0"
    suffix: ~
- Newline
- Dedent
- RParen
- Newline
- Dedent
- Func
- Bang
- Ident: HashMap
- LBracket
- Ident: K
- Comma
- Ident: V
- RBracket
- Colon
- Colon
- Ident: with_capacity
- LParen
- Ident: capacity
- Colon
- USize
- RParen
- Arrow
- Ident: HashMap
- LBracket
- Ident: K
- Comma
- Ident: V
- RBracket
- Newline
- Indent
- Let
- Ident: actual_capacity
- Eq
- Ident: next_power_of_two
- LParen
- Ident: capacity
- RParen
- Newline
- Newline
- Return
- Ident: HashMap
- LBracket
- Ident: K
- Comma
- Ident: V
- RBracket
- LParen
- Newline
- Indent
- Ident: entries
- Colon
- Ident: allocate_entries
- LBracket
- Ident: K
- Comma
- Ident: V
- RBracket
- LParen
- Ident: actual_capacity
- RParen
- Comma
- Newline
- Ident: capacity
- Colon
- Ident: actual_capacity
- Comma
- Newline
- Ident: size
- Colon
- IntegerLiteral:
    base: Decimal
    digits: "0"
    suffix: ~
- Comma
- Newline
- Ident: tombstones
- Colon
- IntegerLiteral:
    base: Decimal
    digits: "0"
    suffix: ~
- Newline
- Dedent
- RParen
- Newline
- Dedent
- Func
- Bang
- Ident: HashMap
- LBracket
- Ident: K
- Comma
- Ident: V
- RBracket
- Colon
- Colon
- Ident: insert
- LParen
- Star
- Mut
- SelfLower
- Comma
- Ident: key
- Colon
- Ident: K
- Comma
- Ident: value
- Colon
- Ident: V
- RParen
- Arrow
- Question
- Ident: V
- Newline
- Indent
- Where
- Ident: K
- Colon
- Ident: Hash
- Plus
- Ident: Eq
- Newline
- If
- SelfLower
- Dot
- Ident: should_grow
- LParen
- RParen
- Newline
- Indent
- SelfLower
- Dot
- Ident: grow
- LParen
- RParen
- Newline
- Newline
- Dedent
- Let
- Ident: hash
- Eq
- Ident: hash_value
- LParen
- And
- Ident: key
- RParen
- Newline
- Let
- Ident: mut_index
- Eq
- SelfLower
- Dot
- Ident: find_slot
- LParen
- Ident: key
- Comma
- Ident: hash
- RParen
- Newline
- Newline
- Let
- Ident: entry
- Eq
- And
- SelfLower
- Dot
- Ident: entries
- LBracket
- Ident: mut_index
- RBracket
- Newline
- Newline
- If
- Ident: entry
- Dot
- Ident: state
- EqEq
- Ident: EntryState
- Colon
- Colon
- Ident: OCCUPIED
- Newline
- Indent
- Let
- Ident: old_value
- Eq
- Ident: entry
- Dot
- Ident: value
- Newline
- Ident: entry
- Dot
- Ident: value
- Eq
- Ident: value
- Newline
- Return
- Ident: old_value
- Newline
- Newline
- Dedent
- Ident: entry
- Dot
- Ident: key
- Eq
- Ident: key
- Newline
- Ident: entry
- Dot
- Ident: value
- Eq
- Ident: value
- Newline
- Ident: entry
- Dot
- Ident: hash
- Eq
- Ident: hash
- Newline
- Ident: entry
- Dot
- Ident: state
- Eq
- Ident: EntryState
- Colon
- Colon
- Ident: OCCUPIED
- Newline
- Newline
- If
- Ident: entry
- Dot
- Ident: state
- EqEq
- Ident: EntryState
- Colon
- Colon
- Ident: DELETED
- Newline
- Indent
- SelfLower
- Dot
- Ident: tombstones
- Eq
- SelfLower
- Dot
- Ident: tombstones
- Minus
- IntegerLiteral:
    base: Decimal
    digits: "1"
    suffix: ~
- Newline
- Newline
- Dedent
- SelfLower
- Dot
- Ident: size
- Eq
- SelfLower
- Dot
- Ident: size
- Plus
- IntegerLiteral:
    base: Decimal
    digits: "1"
    suffix: ~
- Newline
- Newline
- Return
- "Null"
- Newline
- Dedent
- Func
- Ident: HashMap
- LBracket
- Ident: K
- Comma
- Ident: V
- RBracket
- Colon
- Colon
- Ident: get
- LParen
- Star
- SelfLower
- Comma
- Ident: key
- Colon
- Ident: K
- RParen
- Arrow
- Question
- Star
- Ident: V
- Newline
- Indent
- Where
- Ident: K
- Colon
- Ident: Hash
- Plus
- Ident: Eq
- Newline
- If
- SelfLower
- Dot
- Ident: size
- EqEq
- IntegerLiteral:
    base: Decimal
    digits: "0"
    suffix: ~
- Newline
- Indent
- Return
- "Null"
- Newline
- Newline
- Dedent
- Let
- Ident: hash
- Eq
- Ident: hash_value
- LParen
- And
- Ident: key
- RParen
- Newline
- Let
- Ident: mut_index
- Eq
- SelfLower
- Dot
- Ident: find_slot
- LParen
- Ident: key
- Comma
- Ident: hash
- RParen
- Newline
- Newline
- Let
- Ident: entry
- Eq
- And
- SelfLower
- Dot
- Ident: entries
- LBracket
- Ident: mut_index
- RBracket
- Newline
- Newline
- If
- Ident: entry
- Dot
- Ident: state
- EqEq
- Ident: EntryState
- Colon
- Colon
- Ident: OCCUPIED
- Newline
- Indent
- Return
- And
- Ident: entry
- Dot
- Ident: value
- Newline
- Newline
- Dedent
- Return
- "Null"
- Newline
- Dedent
- Func
- Ident: HashMap
- LBracket
- Ident: K
- Comma
- Ident: V
- RBracket
- Colon
- Colon
- Ident: get_mut
- LParen
- Star
- Mut
- SelfLower
- Comma
- Ident: key
- Colon
- Ident: K
- RParen
- Arrow
- Question
- Star
- Mut
- Ident: V
- Newline
- Indent
- Where
- Ident: K
- Colon
- Ident: Hash
- Plus
- Ident: Eq
- Newline
- If
- SelfLower
- Dot
- Ident: size
- EqEq
- IntegerLiteral:
    base: Decimal
    digits: "0"
    suffix: ~
- Newline
- Indent
- Return
- "Null"
- Newline
- Newline
- Dedent
- Let
- Ident: hash
- Eq
- Ident: hash_value
- LParen
- And
- Ident: key
- RParen
- Newline
- Let
- Ident: mut_index
- Eq
- SelfLower
- Dot
- Ident: find_slot
- LParen
- Ident: key
- Comma
- Ident: hash
- RParen
- Newline
- Newline
- Let
- Ident: entry
- Eq
- And
- SelfLower
- Dot
- Ident: entries
- LBracket
- Ident: mut_index
- RBracket
- Newline
- Newline
- If
- Ident: entry
- Dot
- Ident: state
- EqEq
- Ident: EntryState
- Colon
- Colon
- Ident: OCCUPIED
- Newline
- Indent
- Return
- And
- Mut
- Ident: entry
- Dot
- Ident: value
- Newline
- Newline
- Dedent
- Return
- "Null"
- Newline
- Dedent
- Func
- Ident: HashMap
- LBracket
- Ident: K
- Comma
- Ident: V
- RBracket
- Colon
- Colon
- Ident: contains
- LParen
- Star
- SelfLower
- Comma
- Ident: key
- Colon
- Ident: K
- RParen
- Arrow
- Bool
- Newline
- Indent
- Where
- Ident: K
- Colon
- Ident: Hash
- Plus
- Ident: Eq
- Newline
- Return
- SelfLower
- Dot
- Ident: get
- LParen
- Ident: key
- RParen
- Ne
- "Null"
- Newline
- Dedent
- Func
- Bang
- Ident: HashMap
- LBracket
- Ident: K
- Comma
- Ident: V
- RBracket
- Colon
- Colon
- Ident: remove
- LParen
- Star
- Mut
- SelfLower
- Comma
- Ident: key
- Colon
- Ident: K
- RParen
- Arrow
- Question
- Ident: V
- Newline
- Indent
- Where
- Ident: K
- Colon
- Ident: Hash
- Plus
- Ident: Eq
- Newline
- If
- SelfLower
- Dot
- Ident: size
- EqEq
- IntegerLiteral:
    base: Decimal
    digits: "0"
    suffix: ~
- Newline
- Indent
- Return
- "Null"
- Newline
- Newline
- Dedent
- Let
- Ident: hash
- Eq
- Ident: hash_value
- LParen
- And
- Ident: key
- RParen
- Newline
- Let
- Ident: mut_index
- Eq
- SelfLower
- Dot
- Ident: find_slot
- LParen
- Ident: key
- Comma
- Ident: hash
- RParen
- Newline
- Newline
- Let
- Ident: entry
- Eq
- And
- SelfLower
- Dot
- Ident: entries
- LBracket
- Ident: mut_index
- RBracket
- Newline
- Newline
- If
- Ident: entry
- Dot
- Ident: state
- Ne
- Ident: EntryState
- Colon
- Colon
- Ident: OCCUPIED
- Newline
- Indent
- Return
- "Null"
- Newline
- Newline
- Dedent
- Let
- Ident: value
- Eq
- Ident: entry
- Dot
- Ident: value
- Newline
- Ident: entry
- Dot
- Ident: state
- Eq
- Ident: EntryState
- Colon
- Colon
- Ident: DELETED
- Newline
- Newline
- SelfLower
- Dot
- Ident: size
- Eq
- SelfLower
- Dot
- Ident: size
- Minus
- IntegerLiteral:
    base: Decimal
    digits: "1"
    suffix: ~
- Newline
- SelfLower
- Dot
- Ident: tombstones
- Eq
- SelfLower
- Dot
- Ident: tombstones
- Plus
- IntegerLiteral:
    base: Decimal
    digits: "1"
    suffix: ~
- Newline
- Newline
- Return
- Ident: value
- Newline
- Dedent
- Func
- Ident: HashMap
- LBracket
- Ident: K
- Comma
- Ident: V
- RBracket
- Colon
- Colon
- Ident: len
- LParen
- Star
- SelfLower
- RParen
- Arrow
- USize
- Newline
- Indent
- Return
- SelfLower
- Dot
- Ident: size
- Newline
- Dedent
- Func
- Ident: HashMap
- LBracket
- Ident: K
- Comma
- Ident: V
- RBracket
- Colon
- Colon
- Ident: is_empty
- LParen
- Star
- SelfLower
- RParen
- Arrow
- Bool
- Newline
- Indent
- Return
- SelfLower
- Dot
- Ident: size
- EqEq
- IntegerLiteral:
    base: Decimal
    digits: "0"
    suffix: ~
- Newline
- Dedent
- Func
- Ident: HashMap
- LBracket
- Ident: K
- Comma
- Ident: V
- RBracket
- Colon
- Colon
- Ident: capacity
- LParen
- Star
- SelfLower
- RParen
- Arrow
- USize
- Newline
- Indent
- Return
- SelfLower
- Dot
- Ident: capacity
- Newline
- Dedent
- Func
- Bang
- Ident: HashMap
- LBracket
- Ident: K
- Comma
- Ident: V
- RBracket
- Colon
- Colon
- Ident: clear
- LParen
- Star
- Mut
- SelfLower
- RParen
- Arrow
- OkLiteral
- Newline
- Indent
- For
- Ident: i
- In
- Ident: range
- LParen
- IntegerLiteral:
    base: Decimal
    digits: "0"
    suffix: ~
- Comma
- SelfLower
- Dot
- Ident: capacity
- RParen
- Newline
- Indent
- SelfLower
- Dot
- Ident: entries
- LBracket
- Ident: i
- RBracket
- Dot
- Ident: state
- Eq
- Ident: EntryState
- Colon
- Colon
- Ident: EMPTY
- Newline
- Newline
- Dedent
- SelfLower
- Dot
- Ident: size
- Eq
- IntegerLiteral:
    base: Decimal
    digits: "0"
    suffix: ~
- Newline
- SelfLower
- Dot
- Ident: tombstones
- Eq
- IntegerLiteral:
    base: Decimal
    digits: "0"
    suffix: ~
- Newline
- Pass
- Newline
- Dedent
- Func
- Bang
- Ident: HashMap
- LBracket
- Ident: K
- Comma
- Ident: V
- RBracket
- Colon
- Colon
- Ident: iter
- LParen
- Star
- SelfLower
- RParen
- Arrow
- Ident: HashMapIter
- LBracket
- Ident: K
- Comma
- Ident: V
- RBracket
- Newline
- Indent
- Return
- Ident: HashMapIter
- LBracket
- Ident: K
- Comma
- Ident: V
- RBracket
- LParen
- Newline
- Indent
- Ident: entries
- Colon
- SelfLower
- Dot
- Ident: entries
- Comma
- Newline
- Ident: capacity
- Colon
- SelfLower
- Dot
- Ident: capacity
- Comma
- Newline
- Ident: index
- Colon
- IntegerLiteral:
    base: Decimal
    digits: "0"
    suffix: ~
- Newline
- Dedent
- RParen
- Newline
- Dedent
- Func
- Ident: HashMap
- LBracket
- Ident: K
- Comma
- Ident: V
- RBracket
- Colon
- Colon
- Ident: find_slot
- LParen
- Star
- SelfLower
- Comma
- Ident: key
- Colon
- Ident: K
- Comma
- Ident: hash
- Colon
- U64
- RParen
- Arrow
- USize
- Newline
- Indent
- Where
- Ident: K
- Colon
- Ident: Hash
- Plus
- Ident: Eq
- Newline
- Mut
- Ident: index
- Eq
- LParen
- Ident: hash
- Percent
- LParen
- SelfLower
- Dot
- Ident: capacity
- As
- U64
- RParen
- RParen
- As
- USize
- Newline
- Mut
- Ident: first_tombstone
- Colon
- Question
- USize
- Eq
- "Null"
- Newline
- Newline
- For
- Ident: i
- In
- Ident: range
- LParen
- IntegerLiteral:
    base: Decimal
    digits: "0"
    suffix: ~
- Comma
- SelfLower
- Dot
- Ident: capacity
- RParen
- Newline
- Indent
- Let
- Ident: entry
- Eq
- And
- SelfLower
- Dot
- Ident: entries
- LBracket
- Ident: index
- RBracket
- Newline
- Newline
- If
- Ident: entry
- Dot
- Ident: state
- EqEq
- Ident: EntryState
- Colon
- Colon
- Ident: EMPTY
- Newline
- Indent
- If
- Ident: first_tombstone
- Ne
- "Null"
- Newline
- Indent
- Return
- Ident: first_tombstone
- Newline
- Dedent
- Return
- Ident: index
- Newline
- Newline
- Dedent
- If
- Ident: entry
- Dot
- Ident: state
- EqEq
- Ident: EntryState
- Colon
- Colon
- Ident: DELETED
- Newline
- Indent
- If
- Ident: first_tombstone
- EqEq
- "Null"
- Newline
- Indent
- Ident: first_tombstone
- Eq
- Ident: index
- Newline
- Dedent
- Dedent
- Elif
- Ident: entry
- Dot
- Ident: hash
- EqEq
- Ident: hash
- AndAnd
- Ident: equals
- LParen
- And
- Ident: entry
- Dot
- Ident: key
- Comma
- And
- Ident: key
- RParen
- Newline
- Indent
- Return
- Ident: index
- Newline
- Newline
- Dedent
- Ident: index
- Eq
- LParen
- Ident: index
- Plus
- IntegerLiteral:
    base: Decimal
    digits: "1"
    suffix: ~
- RParen
- Percent
- SelfLower
- Dot
- Ident: capacity
- Newline
- Newline
- Dedent
- If
- Ident: first_tombstone
- Ne
- "Null"
- Newline
- Indent
- Return
- Ident: first_tombstone
- Newline
- Newline
- Dedent
- Return
- IntegerLiteral:
    base: Decimal
    digits: "0"
    suffix: ~
- Newline
- Dedent
- Func
- Ident: HashMap
- LBracket
- Ident: K
- Comma
- Ident: V
- RBracket
- Colon
- Colon
- Ident: should_grow
- LParen
- Star
- SelfLower
- RParen
- Arrow
- Bool
- Newline
- Indent
- Let
- Ident: total_used
- Eq
- SelfLower
- Dot
- Ident: size
- Plus
- SelfLower
- Dot
- Ident: tombstones
- Newline
- Let
- Ident: load_factor
- Eq
- LParen
- Ident: total_used
- As
- F32
- RParen
- Slash
- LParen
- SelfLower
- Dot
- Ident: capacity
- As
- F32
- RParen
- Newline
- Return
- Ident: load_factor
- Gt
- Ident: LOAD_FACTOR_THRESHOLD
- Newline
- Dedent
- Func
- Bang
- Ident: HashMap
- LBracket
- Ident: K
- Comma
- Ident: V
- RBracket
- Colon
- Colon
- Ident: grow
- LParen
- Star
- Mut
- SelfLower
- RParen
- Arrow
- OkLiteral
- Newline
- Indent
- Where
- Ident: K
- Colon
- Ident: Hash
- Plus
- Ident: Eq
- Newline
- Let
- Ident: new_capacity
- Eq
- SelfLower
- Dot
- Ident: capacity
- Star
- IntegerLiteral:
    base: Decimal
    digits: "2"
    suffix: ~
- Newline
- Let
- Ident: new_entries
- Eq
- Ident: allocate_entries
- LBracket
- Ident: K
- Comma
- Ident: V
- RBracket
- LParen
- Ident: new_capacity
- RParen
- Newline
- Newline
- Let
- Ident: old_entries
- Eq
- SelfLower
- Dot
- Ident: entries
- Newline
- Let
- Ident: old_capacity
- Eq
- SelfLower
- Dot
- Ident: capacity
- Newline
- Newline
- SelfLower
- Dot
- Ident: entries
- Eq
- Ident: new_entries
- Newline
- SelfLower
- Dot
- Ident: capacity
- Eq
- Ident: new_capacity
- Newline
- SelfLower
- Dot
- Ident: size
- Eq
- IntegerLiteral:
    base: Decimal
    digits: "0"
    suffix: ~
- Newline
- SelfLower
- Dot
- Ident: tombstones
- Eq
- IntegerLiteral:
    base: Decimal
    digits: "0"
    suffix: ~
- Newline
- Newline
- For
- Ident: i
- In
- Ident: range
- LParen
- IntegerLiteral:
    base: Decimal
    digits: "0"
    suffix: ~
- Comma
- Ident: old_capacity
- RParen
- Newline
- Indent
- Let
- Ident: entry
- Eq
- And
- Ident: old_entries
- LBracket
- Ident: i
- RBracket
- Newline
- Newline
- If
- Ident: entry
- Dot
- Ident: state
- EqEq
- Ident: EntryState
- Colon
- Colon
- Ident: OCCUPIED
- Newline
- Indent
- SelfLower
- Dot
- Ident: insert
- LParen
- Ident: entry
- Dot
- Ident: key
- Comma
- Ident: entry
- Dot
- Ident: value
- RParen
- Newline
- Newline
- Dedent
- Dedent
- Ident: deallocate_entries
- LBracket
- Ident: K
- Comma
- Ident: V
- RBracket
- LParen
- Ident: old_entries
- Comma
- Ident: old_capacity
- RParen
- Newline
- Pass
- Newline
- Dedent
- Struct
- Ident: HashMapIter
- LBracket
- Ident: K
- Comma
- Ident: V
- RBracket
- Newline
- Indent
- Ident: entries
- Colon
- Star
- Ident: Entry
- LBracket
- Ident: K
- Comma
- Ident: V
- RBracket
- Newline
- Ident: capacity
- Colon
- USize
- Newline
- Ident: index
- Colon
- USize
- Newline
- Dedent
- Func
- Bang
- Ident: HashMapIter
- LBracket
- Ident: K
- Comma
- Ident: V
- RBracket
- Colon
- Colon
- Ident: next
- LParen
- Star
- Mut
- SelfLower
- RParen
- Arrow
- Question
- Ident: HashMapEntry
- LBracket
- Ident: K
- Comma
- Ident: V
- RBracket
- Newline
- Indent
- For
- Ident: i
- In
- Ident: range
- LParen
- SelfLower
- Dot
- Ident: index
- Comma
- SelfLower
- Dot
- Ident: capacity
- RParen
- Newline
- Indent
- Let
- Ident: entry
- Eq
- And
- SelfLower
- Dot
- Ident: entries
- LBracket
- Ident: i
- RBracket
- Newline
- Newline
- If
- Ident: entry
- Dot
- Ident: state
- EqEq
- Ident: EntryState
- Colon
- Colon
- Ident: OCCUPIED
- Newline
- Indent
- SelfLower
- Dot
- Ident: index
- Eq
- Ident: i
- Plus
- IntegerLiteral:
    base: Decimal
    digits: "1"
    suffix: ~
- Newline
- Newline
- Return
- Ident: HashMapEntry
- LBracket
- Ident: K
- Comma
- Ident: V
- RBracket
- LParen
- Newline
- Indent
- Ident: key
- Colon
- And
- Ident: entry
- Dot
- Ident: key
- Comma
- Newline
- Ident: value
- Colon
- And
- Ident: entry
- Dot
- Ident: value
- Newline
- Dedent
- RParen
- Newline
- Newline
- Dedent
- Dedent
- Return
- "Null"
- Newline
- Dedent
- Func
- Ident: HashMapIter
- LBracket
- Ident: K
- Comma
- Ident: V
- RBracket
- Colon
- Colon
- Ident: has_next
- LParen
- Star
- SelfLower
- RParen
- Arrow
- Bool
- Newline
- Indent
- For
- Ident: i
- In
- Ident: range
- LParen
- SelfLower
- Dot
- Ident: index
- Comma
- SelfLower
- Dot
- Ident: capacity
- RParen
- Newline
- Indent
- Let
- Ident: entry
- Eq
- And
- SelfLower
- Dot
- Ident: entries
- LBracket
- Ident: i
- RBracket
- Newline
- Newline
- If
- Ident: entry
- Dot
- Ident: state
- EqEq
- Ident: EntryState
- Colon
- Colon
- Ident: OCCUPIED
- Newline
- Indent
- Return
- "True"
- Newline
- Newline
- Dedent
- Dedent
- Return
- "False"
- Newline
- Dedent
- Struct
- Ident: HashMapEntry
- LBracket
- Ident: K
- Comma
- Ident: V
- RBracket
- Newline
- Indent
- Ident: key
- Colon
- Star
- Ident: K
- Newline
- Ident: value
- Colon
- Star
- Ident: V
- Newline
- Newline
- Dedent
- Interface
- Ident: Hash
- Newline
- Indent
- Func
- Ident: hash
- LParen
- Star
- SelfLower
- RParen
- Arrow
- U64
- Newline
- Dedent
- Func
- Ident: hash_value
- LBracket
- Ident: T
- RBracket
- LParen
- Ident: value
- Colon
- Star
- Ident: T
- RParen
- Arrow
- U64
- Newline
- Indent
- Where
- Ident: T
- Colon
- Ident: Hash
- Newline
- Return
- Ident: value
- Dot
- Ident: hash
- LParen
- RParen
- Newline
- Dedent
- Interface
- Ident: Eq
- Newline
- Indent
- Func
- Ident: equals
- LParen
- Star
- SelfLower
- Comma
- Ident: other
- Colon
- Star
- SelfKeyword
- RParen
- Arrow
- Bool
- Newline
- Dedent
- Func
- Ident: equals
- LBracket
- Ident: T
- RBracket
- LParen
- Ident: a
- Colon
- Star
- Ident: T
- Comma
- Ident: b
- Colon
- Star
- Ident: T
- RParen
- Arrow
- Bool
- Newline
- Indent
- Where
- Ident: T
- Colon
- Ident: Eq
- Newline
- Return
- Ident: a
- Dot
- Ident: equals
- LParen
- Ident: b
- RParen
- Newline
- Newline
- Dedent
- Func
- Ident: hash_u8
- LParen
- Ident: value
- Colon
- U8
- RParen
- Arrow
- U64
- Newline
- Indent
- Return
- Ident: value
- As
- U64
- Newline
- Dedent
- Func
- Ident: hash_u16
- LParen
- Ident: value
- Colon
- U16
- RParen
- Arrow
- U64
- Newline
- Indent
- Return
- Ident: value
- As
- U64
- Newline
- Dedent
- Func
- Ident: hash_u32
- LParen
- Ident: value
- Colon
- U32
- RParen
- Arrow
- U64
- Newline
- Indent
- Return
- Ident: value
- As
- U64
- Newline
- Dedent
- Func
- Ident: hash_u64
- LParen
- Ident: value
- Colon
- U64
- RParen
- Arrow
- U64
- Newline
- Indent
- Return
- Ident: value
- Newline
- Dedent
- Func
- Ident: hash_string
- LParen
- Ident: s
- Colon
- LBracket
- U8
- RBracket
- RParen
- Arrow
- U64
- Newline
- Indent
- Mut
- Ident: hash
- Colon
- U64
- Eq
- IntegerLiteral:
    base: Decimal
    digits: "5381"
    suffix: ~
- Newline
- Newline
- For
- Ident: i
- In
- Ident: range
- LParen
- IntegerLiteral:
    base: Decimal
    digits: "0"
    suffix: ~
- Comma
- Ident: s
- Dot
- Ident: len
- RParen
- Newline
- Indent
- Ident: hash
- Eq
- LParen
- LParen
- Ident: hash
- Shl
- IntegerLiteral:
    base: Decimal
    digits: "5"
    suffix: ~
- RParen
- Plus
- Ident: hash
- RParen
- Plus
- LParen
- Ident: s
- LBracket
- Ident: i
- RBracket
- As
- U64
- RParen
- Newline
- Newline
- Dedent
- Return
- Ident: hash
- Newline
- Dedent
- Func
- Ident: hash_bytes
- LParen
- Ident: bytes
- Colon
- LBracket
- U8
- RBracket
- RParen
- Arrow
- U64
- Newline
- Indent
- Return
- Ident: hash_string
- LParen
- Ident: bytes
- RParen
- Newline
- Newline
- Dedent
- Func
- Ident: next_power_of_two
- LParen
- Ident: n
- Colon
- USize
- RParen
- Arrow
- USize
- Newline
- Indent
- If
- Ident: n
- EqEq
- IntegerLiteral:
    base: Decimal
    digits: "0"
    suffix: ~
- Newline
- Indent
- Return
- IntegerLiteral:
    base: Decimal
    digits: "1"
    suffix: ~
- Newline
- Newline
- Dedent
- Mut
- Ident: power
- Colon
- USize
- Eq
- IntegerLiteral:
    base: Decimal
    digits: "1"
    suffix: ~
- Newline
- For
- Ident: i
- In
- Ident: range
- LParen
- IntegerLiteral:
    base: Decimal
    digits: "0"
    suffix: ~
- Comma
- IntegerLiteral:
    base: Decimal
    digits: "64"
    suffix: ~
- RParen
- Newline
- Indent
- If
- Ident: power
- Ge
- Ident: n
- Newline
- Indent
- Break
- Newline
- Dedent
- Ident: power
- Eq
- Ident: power
- Star
- IntegerLiteral:
    base: Decimal
    digits: "2"
    suffix: ~
- Newline
- Newline
- Dedent
- Return
- Ident: power
- Newline
- Dedent
- Func
- Bang
- Ident: allocate_entries
- LBracket
- Ident: K
- Comma
- Ident: V
- RBracket
- LParen
- Ident: capacity
- Colon
- USize
- RParen
- Arrow
- Star
- Mut
- Ident: Entry
- LBracket
- Ident: K
- Comma
- Ident: V
- RBracket
- Newline
- Indent
- Let
- Ident: entries
- Eq
- Ident: allocate_array
- LBracket
- Ident: Entry
- LBracket
- Ident: K
- Comma
- Ident: V
- RBracket
- RBracket
- LParen
- Ident: capacity
- RParen
- Newline
- Newline
- For
- Ident: i
- In
- Ident: range
- LParen
- IntegerLiteral:
    base: Decimal
    digits: "0"
    suffix: ~
- Comma
- Ident: capacity
- RParen
- Newline
- Indent
- Ident: entries
- LBracket
- Ident: i
- RBracket
- Dot
- Ident: state
- Eq
- Ident: EntryState
- Colon
- Colon
- Ident: EMPTY
- Newline
- Newline
- Dedent
- Return
- Ident: entries
- Newline
- Dedent
- Func
- Bang
- Ident: deallocate_entries
- LBracket
- Ident: K
- Comma
- Ident: V
- RBracket
- LParen
- Ident: entries
- Colon
- Star
- Mut
- Ident: Entry
- LBracket
- Ident: K
- Comma
- Ident: V
- RBracket
- Comma
- Ident: capacity
- Colon
- USize
- RParen
- Arrow
- OkLiteral
- Newline
- Indent
- Pass
- Newline
- Dedent
- Func
- Bang
- Ident: allocate_array
- LBracket
- Ident: T
- RBracket
- LParen
- Ident: size
- Colon
- USize
- RParen
- Arrow
- Star
- Mut
- Ident: T
- Newline
- Indent
- Pass
- Newline
- Dedent
