---
source: crates/nyx-lexer/tests/integration_tests.rs
expression: tokens
---
- Newline
- Union
- Std
- Colon
- Colon
- Ident: Either
- LBracket
- Ident: U
- Comma
- Ident: V
- RBracket
- Newline
- Indent
- Requires
- Newline
- Indent
- Ident: Display
- Newline
- Ident: Debug
- Newline
- Dedent
- Ident: left
- Colon
- Ident: U
- Newline
- Ident: right
- Colon
- Ident: V
- Newline
- Dedent
