---
source: crates/nyx-lexer/tests/integration_tests.rs
expression: tokens
---
- Newline
- Using
- Core
- Colon
- Colon
- Ident: memory
- Newline
- Const
- Ident: ORDER
- Colon
- USize
- Eq
- IntegerLiteral:
    base: Decimal
    digits: "5"
    suffix: ~
- Newline
- Const
- Ident: MIN_KEYS
- Colon
- USize
- Eq
- Ident: ORDER
- Minus
- IntegerLiteral:
    base: Decimal
    digits: "1"
    suffix: ~
- Newline
- Const
- Ident: MAX_KEYS
- Colon
- USize
- Eq
- LParen
- IntegerLiteral:
    base: Decimal
    digits: "2"
    suffix: ~
- Star
- Ident: ORDER
- RParen
- Minus
- IntegerLiteral:
    base: Decimal
    digits: "1"
    suffix: ~
- Newline
- Const
- Ident: MAX_CHILDREN
- Colon
- USize
- Eq
- IntegerLiteral:
    base: Decimal
    digits: "2"
    suffix: ~
- Star
- Ident: ORDER
- Newline
- Enum
- Ident: NodeType
- Newline
- Indent
- Ident: LEAF
- Newline
- Ident: INTERNAL
- Newline
- Dedent
- Struct
- Ident: BTreeNode
- LBracket
- Ident: K
- Comma
- Ident: V
- RBracket
- Newline
- Indent
- Ident: keys
- Colon
- LBracket
- Ident: K
- RBracket
- Newline
- Ident: values
- Colon
- LBracket
- Ident: V
- RBracket
- Newline
- Ident: children
- Colon
- LBracket
- Star
- Mut
- Ident: BTreeNode
- LBracket
- Ident: K
- Comma
- Ident: V
- RBracket
- RBracket
- Newline
- Ident: parent
- Colon
- Question
- Star
- Mut
- Ident: BTreeNode
- LBracket
- Ident: K
- Comma
- Ident: V
- RBracket
- Newline
- Ident: node_type
- Colon
- Ident: NodeType
- Newline
- Ident: num_keys
- Colon
- USize
- Newline
- Dedent
- Export
- Struct
- Ident: BTree
- LBracket
- Ident: K
- Comma
- Ident: V
- RBracket
- Newline
- Indent
- Ident: root
- Colon
- Question
- Star
- Mut
- Ident: BTreeNode
- LBracket
- Ident: K
- Comma
- Ident: V
- RBracket
- Newline
- Ident: size
- Colon
- USize
- Newline
- Ident: height
- Colon
- USize
- Newline
- Dedent
- Func
- Bang
- Ident: BTree
- LBracket
- Ident: K
- Comma
- Ident: V
- RBracket
- Colon
- Colon
- Ident: new
- LParen
- RParen
- Arrow
- Ident: BTree
- LBracket
- Ident: K
- Comma
- Ident: V
- RBracket
- Newline
- Indent
- Return
- Ident: BTree
- LBracket
- Ident: K
- Comma
- Ident: V
- RBracket
- LParen
- Newline
- Indent
- Ident: root
- Colon
- "Null"
- Comma
- Newline
- Ident: size
- Colon
- IntegerLiteral:
    base: Decimal
    digits: "0"
    suffix: ~
- Comma
- Newline
- Ident: height
- Colon
- IntegerLiteral:
    base: Decimal
    digits: "0"
    suffix: ~
- Newline
- Dedent
- RParen
- Newline
- Dedent
- Func
- Bang
- Ident: BTree
- LBracket
- Ident: K
- Comma
- Ident: V
- RBracket
- Colon
- Colon
- Ident: insert
- LParen
- Star
- Mut
- SelfLower
- Comma
- Ident: key
- Colon
- Ident: K
- Comma
- Ident: value
- Colon
- Ident: V
- RParen
- Arrow
- OkLiteral
- Newline
- Indent
- Where
- Ident: K
- Colon
- Ident: Ord
- Plus
- Ident: Clone
- Comma
- Ident: V
- Colon
- Ident: Clone
- Newline
- If
- SelfLower
- Dot
- Ident: root
- EqEq
- "Null"
- Newline
- Indent
- Let
- Ident: node
- Eq
- Ident: BTreeNode
- LBracket
- Ident: K
- Comma
- Ident: V
- RBracket
- Colon
- Colon
- Ident: new_leaf
- LParen
- RParen
- Newline
- Ident: node
- Dot
- Ident: keys
- Dot
- Ident: push
- LParen
- Ident: key
- RParen
- Newline
- Ident: node
- Dot
- Ident: values
- Dot
- Ident: push
- LParen
- Ident: value
- RParen
- Newline
- Ident: node
- Dot
- Ident: num_keys
- Eq
- IntegerLiteral:
    base: Decimal
    digits: "1"
    suffix: ~
- Newline
- SelfLower
- Dot
- Ident: root
- Eq
- Ident: node
- Newline
- SelfLower
- Dot
- Ident: size
- Eq
- IntegerLiteral:
    base: Decimal
    digits: "1"
    suffix: ~
- Newline
- SelfLower
- Dot
- Ident: height
- Eq
- IntegerLiteral:
    base: Decimal
    digits: "1"
    suffix: ~
- Newline
- Return
- OkLiteral
- Newline
- Newline
- Dedent
- Let
- Ident: root
- Eq
- SelfLower
- Dot
- Ident: root
- Newline
- Newline
- If
- Ident: root
- Dot
- Ident: is_full
- LParen
- RParen
- Newline
- Indent
- Let
- Ident: new_root
- Eq
- Ident: BTreeNode
- LBracket
- Ident: K
- Comma
- Ident: V
- RBracket
- Colon
- Colon
- Ident: new_internal
- LParen
- RParen
- Newline
- Ident: new_root
- Dot
- Ident: children
- Dot
- Ident: push
- LParen
- Ident: root
- RParen
- Newline
- Ident: root
- Dot
- Ident: parent
- Eq
- Ident: new_root
- Newline
- Newline
- SelfLower
- Dot
- Ident: split_child
- LParen
- Ident: new_root
- Comma
- IntegerLiteral:
    base: Decimal
    digits: "0"
    suffix: ~
- RParen
- Newline
- SelfLower
- Dot
- Ident: root
- Eq
- Ident: new_root
- Newline
- SelfLower
- Dot
- Ident: height
- Eq
- SelfLower
- Dot
- Ident: height
- Plus
- IntegerLiteral:
    base: Decimal
    digits: "1"
    suffix: ~
- Newline
- Newline
- Dedent
- SelfLower
- Dot
- Ident: insert_non_full
- LParen
- SelfLower
- Dot
- Ident: root
- Comma
- Ident: key
- Comma
- Ident: value
- RParen
- Newline
- SelfLower
- Dot
- Ident: size
- Eq
- SelfLower
- Dot
- Ident: size
- Plus
- IntegerLiteral:
    base: Decimal
    digits: "1"
    suffix: ~
- Newline
- Newline
- Pass
- Newline
- Dedent
- Func
- Bang
- Ident: BTree
- LBracket
- Ident: K
- Comma
- Ident: V
- RBracket
- Colon
- Colon
- Ident: insert_non_full
- LParen
- Star
- Mut
- SelfLower
- Comma
- Ident: node
- Colon
- Star
- Mut
- Ident: BTreeNode
- LBracket
- Ident: K
- Comma
- Ident: V
- RBracket
- Comma
- Ident: key
- Colon
- Ident: K
- Comma
- Ident: value
- Colon
- Ident: V
- RParen
- Arrow
- OkLiteral
- Newline
- Indent
- Where
- Ident: K
- Colon
- Ident: Ord
- Plus
- Ident: Clone
- Comma
- Ident: V
- Colon
- Ident: Clone
- Newline
- Mut
- Ident: i
- Eq
- Ident: node
- Dot
- Ident: num_keys
- Newline
- Newline
- If
- Ident: node
- Dot
- Ident: is_leaf
- LParen
- RParen
- Newline
- Indent
- For
- Ident: idx
- In
- Ident: range
- LParen
- IntegerLiteral:
    base: Decimal
    digits: "0"
    suffix: ~
- Comma
- Ident: node
- Dot
- Ident: num_keys
- RParen
- Newline
- Indent
- Let
- Ident: j
- Eq
- Ident: node
- Dot
- Ident: num_keys
- Minus
- Ident: idx
- Minus
- IntegerLiteral:
    base: Decimal
    digits: "1"
    suffix: ~
- Newline
- If
- Ident: key
- Dot
- Ident: compare
- LParen
- And
- Ident: node
- Dot
- Ident: keys
- LBracket
- Ident: j
- RBracket
- RParen
- Lt
- IntegerLiteral:
    base: Decimal
    digits: "0"
    suffix: ~
- Newline
- Indent
- Ident: node
- Dot
- Ident: keys
- Dot
- Ident: insert
- LParen
- Ident: j
- Plus
- IntegerLiteral:
    base: Decimal
    digits: "1"
    suffix: ~
- Comma
- Ident: node
- Dot
- Ident: keys
- LBracket
- Ident: j
- RBracket
- RParen
- Newline
- Ident: node
- Dot
- Ident: values
- Dot
- Ident: insert
- LParen
- Ident: j
- Plus
- IntegerLiteral:
    base: Decimal
    digits: "1"
    suffix: ~
- Comma
- Ident: node
- Dot
- Ident: values
- LBracket
- Ident: j
- RBracket
- RParen
- Newline
- Dedent
- Else
- Newline
- Indent
- Ident: i
- Eq
- Ident: j
- Plus
- IntegerLiteral:
    base: Decimal
    digits: "1"
    suffix: ~
- Newline
- Break
- Newline
- Newline
- Dedent
- Dedent
- Ident: node
- Dot
- Ident: keys
- Dot
- Ident: insert
- LParen
- Ident: i
- Comma
- Ident: key
- RParen
- Newline
- Ident: node
- Dot
- Ident: values
- Dot
- Ident: insert
- LParen
- Ident: i
- Comma
- Ident: value
- RParen
- Newline
- Ident: node
- Dot
- Ident: num_keys
- Eq
- Ident: node
- Dot
- Ident: num_keys
- Plus
- IntegerLiteral:
    base: Decimal
    digits: "1"
    suffix: ~
- Newline
- Dedent
- Else
- Newline
- Indent
- For
- Ident: idx
- In
- Ident: range
- LParen
- IntegerLiteral:
    base: Decimal
    digits: "0"
    suffix: ~
- Comma
- Ident: node
- Dot
- Ident: num_keys
- RParen
- Newline
- Indent
- Let
- Ident: j
- Eq
- Ident: node
- Dot
- Ident: num_keys
- Minus
- Ident: idx
- Minus
- IntegerLiteral:
    base: Decimal
    digits: "1"
    suffix: ~
- Newline
- If
- Ident: key
- Dot
- Ident: compare
- LParen
- And
- Ident: node
- Dot
- Ident: keys
- LBracket
- Ident: j
- RBracket
- RParen
- Ge
- IntegerLiteral:
    base: Decimal
    digits: "0"
    suffix: ~
- Newline
- Indent
- Ident: i
- Eq
- Ident: j
- Plus
- IntegerLiteral:
    base: Decimal
    digits: "1"
    suffix: ~
- Newline
- Break
- Newline
- Newline
- Dedent
- Dedent
- Let
- Ident: child
- Eq
- Ident: node
- Dot
- Ident: children
- LBracket
- Ident: i
- RBracket
- Newline
- Newline
- If
- Ident: child
- Dot
- Ident: is_full
- LParen
- RParen
- Newline
- Indent
- SelfLower
- Dot
- Ident: split_child
- LParen
- Ident: node
- Comma
- Ident: i
- RParen
- Newline
- Newline
- If
- Ident: key
- Dot
- Ident: compare
- LParen
- And
- Ident: node
- Dot
- Ident: keys
- LBracket
- Ident: i
- RBracket
- RParen
- Gt
- IntegerLiteral:
    base: Decimal
    digits: "0"
    suffix: ~
- Newline
- Indent
- Ident: i
- Eq
- Ident: i
- Plus
- IntegerLiteral:
    base: Decimal
    digits: "1"
    suffix: ~
- Newline
- Newline
- Dedent
- Dedent
- SelfLower
- Dot
- Ident: insert_non_full
- LParen
- Ident: node
- Dot
- Ident: children
- LBracket
- Ident: i
- RBracket
- Comma
- Ident: key
- Comma
- Ident: value
- RParen
- Newline
- Newline
- Dedent
- Pass
- Newline
- Dedent
- Func
- Bang
- Ident: BTree
- LBracket
- Ident: K
- Comma
- Ident: V
- RBracket
- Colon
- Colon
- Ident: split_child
- LParen
- Star
- Mut
- SelfLower
- Comma
- Ident: parent
- Colon
- Star
- Mut
- Ident: BTreeNode
- LBracket
- Ident: K
- Comma
- Ident: V
- RBracket
- Comma
- Ident: index
- Colon
- USize
- RParen
- Arrow
- OkLiteral
- Newline
- Indent
- Where
- Ident: K
- Colon
- Ident: Clone
- Comma
- Ident: V
- Colon
- Ident: Clone
- Newline
- Let
- Ident: full_child
- Eq
- Ident: parent
- Dot
- Ident: children
- LBracket
- Ident: index
- RBracket
- Newline
- Let
- Ident: new_child
- Eq
- If
- Ident: full_child
- Dot
- Ident: is_leaf
- LParen
- RParen
- Ident: then
- Ident: BTreeNode
- LBracket
- Ident: K
- Comma
- Ident: V
- RBracket
- Colon
- Colon
- Ident: new_leaf
- LParen
- RParen
- Else
- Ident: BTreeNode
- LBracket
- Ident: K
- Comma
- Ident: V
- RBracket
- Colon
- Colon
- Ident: new_internal
- LParen
- RParen
- Newline
- Newline
- Let
- Ident: mid_index
- Eq
- Ident: ORDER
- Minus
- IntegerLiteral:
    base: Decimal
    digits: "1"
    suffix: ~
- Newline
- Newline
- For
- Ident: i
- In
- Ident: range
- LParen
- IntegerLiteral:
    base: Decimal
    digits: "0"
    suffix: ~
- Comma
- Ident: ORDER
- Minus
- IntegerLiteral:
    base: Decimal
    digits: "1"
    suffix: ~
- RParen
- Newline
- Indent
- Ident: new_child
- Dot
- Ident: keys
- Dot
- Ident: push
- LParen
- Ident: full_child
- Dot
- Ident: keys
- LBracket
- Ident: mid_index
- Plus
- IntegerLiteral:
    base: Decimal
    digits: "1"
    suffix: ~
- Plus
- Ident: i
- RBracket
- RParen
- Newline
- Ident: new_child
- Dot
- Ident: values
- Dot
- Ident: push
- LParen
- Ident: full_child
- Dot
- Ident: values
- LBracket
- Ident: mid_index
- Plus
- IntegerLiteral:
    base: Decimal
    digits: "1"
    suffix: ~
- Plus
- Ident: i
- RBracket
- RParen
- Newline
- Newline
- Dedent
- Ident: new_child
- Dot
- Ident: num_keys
- Eq
- Ident: ORDER
- Minus
- IntegerLiteral:
    base: Decimal
    digits: "1"
    suffix: ~
- Newline
- Newline
- If
- Bang
- Ident: full_child
- Dot
- Ident: is_leaf
- LParen
- RParen
- Newline
- Indent
- For
- Ident: i
- In
- Ident: range
- LParen
- IntegerLiteral:
    base: Decimal
    digits: "0"
    suffix: ~
- Comma
- Ident: ORDER
- RParen
- Newline
- Indent
- Ident: new_child
- Dot
- Ident: children
- Dot
- Ident: push
- LParen
- Ident: full_child
- Dot
- Ident: children
- LBracket
- Ident: mid_index
- Plus
- IntegerLiteral:
    base: Decimal
    digits: "1"
    suffix: ~
- Plus
- Ident: i
- RBracket
- RParen
- Newline
- Newline
- Dedent
- Dedent
- Ident: full_child
- Dot
- Ident: num_keys
- Eq
- Ident: ORDER
- Minus
- IntegerLiteral:
    base: Decimal
    digits: "1"
    suffix: ~
- Newline
- Newline
- Ident: parent
- Dot
- Ident: children
- Dot
- Ident: insert
- LParen
- Ident: index
- Plus
- IntegerLiteral:
    base: Decimal
    digits: "1"
    suffix: ~
- Comma
- Ident: new_child
- RParen
- Newline
- Ident: parent
- Dot
- Ident: keys
- Dot
- Ident: insert
- LParen
- Ident: index
- Comma
- Ident: full_child
- Dot
- Ident: keys
- LBracket
- Ident: mid_index
- RBracket
- RParen
- Newline
- Ident: parent
- Dot
- Ident: values
- Dot
- Ident: insert
- LParen
- Ident: index
- Comma
- Ident: full_child
- Dot
- Ident: values
- LBracket
- Ident: mid_index
- RBracket
- RParen
- Newline
- Ident: parent
- Dot
- Ident: num_keys
- Eq
- Ident: parent
- Dot
- Ident: num_keys
- Plus
- IntegerLiteral:
    base: Decimal
    digits: "1"
    suffix: ~
- Newline
- Newline
- Ident: new_child
- Dot
- Ident: parent
- Eq
- Ident: parent
- Newline
- Newline
- Pass
- Newline
- Dedent
- Func
- Ident: BTree
- LBracket
- Ident: K
- Comma
- Ident: V
- RBracket
- Colon
- Colon
- Ident: search
- LParen
- Star
- SelfLower
- Comma
- Ident: key
- Colon
- Ident: K
- RParen
- Arrow
- Question
- Star
- Ident: V
- Newline
- Indent
- Where
- Ident: K
- Colon
- Ident: Ord
- Newline
- If
- SelfLower
- Dot
- Ident: root
- EqEq
- "Null"
- Newline
- Indent
- Return
- "Null"
- Newline
- Newline
- Dedent
- Return
- SelfLower
- Dot
- Ident: search_node
- LParen
- SelfLower
- Dot
- Ident: root
- Comma
- Ident: key
- RParen
- Newline
- Dedent
- Func
- Ident: BTree
- LBracket
- Ident: K
- Comma
- Ident: V
- RBracket
- Colon
- Colon
- Ident: search_node
- LParen
- Star
- SelfLower
- Comma
- Ident: node
- Colon
- Star
- Ident: BTreeNode
- LBracket
- Ident: K
- Comma
- Ident: V
- RBracket
- Comma
- Ident: key
- Colon
- Ident: K
- RParen
- Arrow
- Question
- Star
- Ident: V
- Newline
- Indent
- Where
- Ident: K
- Colon
- Ident: Ord
- Newline
- Mut
- Ident: i
- Colon
- USize
- Eq
- IntegerLiteral:
    base: Decimal
    digits: "0"
    suffix: ~
- Newline
- Newline
- For
- Ident: idx
- In
- Ident: range
- LParen
- IntegerLiteral:
    base: Decimal
    digits: "0"
    suffix: ~
- Comma
- Ident: node
- Dot
- Ident: num_keys
- RParen
- Newline
- Indent
- Let
- Ident: cmp
- Eq
- Ident: key
- Dot
- Ident: compare
- LParen
- And
- Ident: node
- Dot
- Ident: keys
- LBracket
- Ident: idx
- RBracket
- RParen
- Newline
- Newline
- If
- Ident: cmp
- EqEq
- IntegerLiteral:
    base: Decimal
    digits: "0"
    suffix: ~
- Newline
- Indent
- Return
- And
- Ident: node
- Dot
- Ident: values
- LBracket
- Ident: idx
- RBracket
- Newline
- Newline
- Dedent
- If
- Ident: cmp
- Lt
- IntegerLiteral:
    base: Decimal
    digits: "0"
    suffix: ~
- Newline
- Indent
- Break
- Newline
- Newline
- Dedent
- Ident: i
- Eq
- Ident: idx
- Plus
- IntegerLiteral:
    base: Decimal
    digits: "1"
    suffix: ~
- Newline
- Newline
- Dedent
- If
- Ident: node
- Dot
- Ident: is_leaf
- LParen
- RParen
- Newline
- Indent
- Return
- "Null"
- Newline
- Newline
- Dedent
- Return
- SelfLower
- Dot
- Ident: search_node
- LParen
- Ident: node
- Dot
- Ident: children
- LBracket
- Ident: i
- RBracket
- Comma
- Ident: key
- RParen
- Newline
- Dedent
- Func
- Ident: BTree
- LBracket
- Ident: K
- Comma
- Ident: V
- RBracket
- Colon
- Colon
- Ident: contains
- LParen
- Star
- SelfLower
- Comma
- Ident: key
- Colon
- Ident: K
- RParen
- Arrow
- Bool
- Newline
- Indent
- Where
- Ident: K
- Colon
- Ident: Ord
- Newline
- Return
- SelfLower
- Dot
- Ident: search
- LParen
- Ident: key
- RParen
- Ne
- "Null"
- Newline
- Dedent
- Func
- Bang
- Ident: BTree
- LBracket
- Ident: K
- Comma
- Ident: V
- RBracket
- Colon
- Colon
- Ident: remove
- LParen
- Star
- Mut
- SelfLower
- Comma
- Ident: key
- Colon
- Ident: K
- RParen
- Arrow
- Question
- Ident: V
- Newline
- Indent
- Where
- Ident: K
- Colon
- Ident: Ord
- Plus
- Ident: Clone
- Comma
- Ident: V
- Colon
- Ident: Clone
- Newline
- If
- SelfLower
- Dot
- Ident: root
- EqEq
- "Null"
- Newline
- Indent
- Return
- "Null"
- Newline
- Newline
- Dedent
- Let
- Ident: value
- Eq
- SelfLower
- Dot
- Ident: remove_from_node
- LParen
- SelfLower
- Dot
- Ident: root
- Comma
- Ident: key
- RParen
- Newline
- Newline
- If
- SelfLower
- Dot
- Ident: root
- Dot
- Ident: num_keys
- EqEq
- IntegerLiteral:
    base: Decimal
    digits: "0"
    suffix: ~
- AndAnd
- Bang
- SelfLower
- Dot
- Ident: root
- Dot
- Ident: is_leaf
- LParen
- RParen
- Newline
- Indent
- Let
- Ident: old_root
- Eq
- SelfLower
- Dot
- Ident: root
- Newline
- SelfLower
- Dot
- Ident: root
- Eq
- Ident: old_root
- Dot
- Ident: children
- LBracket
- IntegerLiteral:
    base: Decimal
    digits: "0"
    suffix: ~
- RBracket
- Newline
- SelfLower
- Dot
- Ident: height
- Eq
- SelfLower
- Dot
- Ident: height
- Minus
- IntegerLiteral:
    base: Decimal
    digits: "1"
    suffix: ~
- Newline
- Newline
- Dedent
- If
- Ident: value
- Ne
- "Null"
- Newline
- Indent
- SelfLower
- Dot
- Ident: size
- Eq
- SelfLower
- Dot
- Ident: size
- Minus
- IntegerLiteral:
    base: Decimal
    digits: "1"
    suffix: ~
- Newline
- Newline
- Dedent
- Return
- Ident: value
- Newline
- Dedent
- Func
- Bang
- Ident: BTree
- LBracket
- Ident: K
- Comma
- Ident: V
- RBracket
- Colon
- Colon
- Ident: remove_from_node
- LParen
- Star
- Mut
- SelfLower
- Comma
- Ident: node
- Colon
- Star
- Mut
- Ident: BTreeNode
- LBracket
- Ident: K
- Comma
- Ident: V
- RBracket
- Comma
- Ident: key
- Colon
- Ident: K
- RParen
- Arrow
- Question
- Ident: V
- Newline
- Indent
- Where
- Ident: K
- Colon
- Ident: Ord
- Plus
- Ident: Clone
- Comma
- Ident: V
- Colon
- Ident: Clone
- Newline
- Mut
- Ident: i
- Colon
- USize
- Eq
- IntegerLiteral:
    base: Decimal
    digits: "0"
    suffix: ~
- Newline
- Newline
- For
- Ident: idx
- In
- Ident: range
- LParen
- IntegerLiteral:
    base: Decimal
    digits: "0"
    suffix: ~
- Comma
- Ident: node
- Dot
- Ident: num_keys
- RParen
- Newline
- Indent
- If
- Ident: key
- Dot
- Ident: compare
- LParen
- And
- Ident: node
- Dot
- Ident: keys
- LBracket
- Ident: idx
- RBracket
- RParen
- Le
- IntegerLiteral:
    base: Decimal
    digits: "0"
    suffix: ~
- Newline
- Indent
- Break
- Newline
- Dedent
- Ident: i
- Eq
- Ident: idx
- Plus
- IntegerLiteral:
    base: Decimal
    digits: "1"
    suffix: ~
- Newline
- Newline
- Dedent
- If
- Ident: i
- Lt
- Ident: node
- Dot
- Ident: num_keys
- AndAnd
- Ident: key
- Dot
- Ident: compare
- LParen
- And
- Ident: node
- Dot
- Ident: keys
- LBracket
- Ident: i
- RBracket
- RParen
- EqEq
- IntegerLiteral:
    base: Decimal
    digits: "0"
    suffix: ~
- Newline
- Indent
- If
- Ident: node
- Dot
- Ident: is_leaf
- LParen
- RParen
- Newline
- Indent
- Let
- Ident: value
- Eq
- Ident: node
- Dot
- Ident: values
- LBracket
- Ident: i
- RBracket
- Newline
- Ident: node
- Dot
- Ident: keys
- Dot
- Ident: remove
- LParen
- Ident: i
- RParen
- Newline
- Ident: node
- Dot
- Ident: values
- Dot
- Ident: remove
- LParen
- Ident: i
- RParen
- Newline
- Ident: node
- Dot
- Ident: num_keys
- Eq
- Ident: node
- Dot
- Ident: num_keys
- Minus
- IntegerLiteral:
    base: Decimal
    digits: "1"
    suffix: ~
- Newline
- Return
- Ident: value
- Newline
- Newline
- Dedent
- Return
- SelfLower
- Dot
- Ident: remove_from_internal
- LParen
- Ident: node
- Comma
- Ident: i
- RParen
- Newline
- Newline
- Dedent
- If
- Ident: node
- Dot
- Ident: is_leaf
- LParen
- RParen
- Newline
- Indent
- Return
- "Null"
- Newline
- Newline
- Dedent
- Return
- SelfLower
- Dot
- Ident: remove_from_node
- LParen
- Ident: node
- Dot
- Ident: children
- LBracket
- Ident: i
- RBracket
- Comma
- Ident: key
- RParen
- Newline
- Dedent
- Func
- Bang
- Ident: BTree
- LBracket
- Ident: K
- Comma
- Ident: V
- RBracket
- Colon
- Colon
- Ident: remove_from_internal
- LParen
- Star
- Mut
- SelfLower
- Comma
- Ident: node
- Colon
- Star
- Mut
- Ident: BTreeNode
- LBracket
- Ident: K
- Comma
- Ident: V
- RBracket
- Comma
- Ident: index
- Colon
- USize
- RParen
- Arrow
- Question
- Ident: V
- Newline
- Indent
- Where
- Ident: K
- Colon
- Ident: Clone
- Comma
- Ident: V
- Colon
- Ident: Clone
- Newline
- Let
- Ident: value
- Eq
- Ident: node
- Dot
- Ident: values
- LBracket
- Ident: index
- RBracket
- Newline
- Newline
- Let
- Ident: left_child
- Eq
- Ident: node
- Dot
- Ident: children
- LBracket
- Ident: index
- RBracket
- Newline
- If
- Ident: left_child
- Dot
- Ident: num_keys
- Ge
- Ident: ORDER
- Newline
- Indent
- Let
- Ident: predecessor
- Eq
- SelfLower
- Dot
- Ident: get_predecessor
- LParen
- Ident: left_child
- RParen
- Newline
- Ident: node
- Dot
- Ident: keys
- LBracket
- Ident: index
- RBracket
- Eq
- Ident: predecessor
- Dot
- IntegerLiteral:
    base: Decimal
    digits: "0"
    suffix: ~
- Newline
- Ident: node
- Dot
- Ident: values
- LBracket
- Ident: index
- RBracket
- Eq
- Ident: predecessor
- Dot
- IntegerLiteral:
    base: Decimal
    digits: "1"
    suffix: ~
- Newline
- SelfLower
- Dot
- Ident: remove_from_node
- LParen
- Ident: left_child
- Comma
- Ident: predecessor
- Dot
- IntegerLiteral:
    base: Decimal
    digits: "0"
    suffix: ~
- RParen
- Newline
- Return
- Ident: value
- Newline
- Newline
- Dedent
- Let
- Ident: right_child
- Eq
- Ident: node
- Dot
- Ident: children
- LBracket
- Ident: index
- Plus
- IntegerLiteral:
    base: Decimal
    digits: "1"
    suffix: ~
- RBracket
- Newline
- If
- Ident: right_child
- Dot
- Ident: num_keys
- Ge
- Ident: ORDER
- Newline
- Indent
- Let
- Ident: successor
- Eq
- SelfLower
- Dot
- Ident: get_successor
- LParen
- Ident: right_child
- RParen
- Newline
- Ident: node
- Dot
- Ident: keys
- LBracket
- Ident: index
- RBracket
- Eq
- Ident: successor
- Dot
- IntegerLiteral:
    base: Decimal
    digits: "0"
    suffix: ~
- Newline
- Ident: node
- Dot
- Ident: values
- LBracket
- Ident: index
- RBracket
- Eq
- Ident: successor
- Dot
- IntegerLiteral:
    base: Decimal
    digits: "1"
    suffix: ~
- Newline
- SelfLower
- Dot
- Ident: remove_from_node
- LParen
- Ident: right_child
- Comma
- Ident: successor
- Dot
- IntegerLiteral:
    base: Decimal
    digits: "0"
    suffix: ~
- RParen
- Newline
- Return
- Ident: value
- Newline
- Newline
- Dedent
- SelfLower
- Dot
- Ident: merge_nodes
- LParen
- Ident: node
- Comma
- Ident: index
- RParen
- Newline
- Newline
- Return
- Ident: value
- Newline
- Dedent
- Func
- Ident: BTree
- LBracket
- Ident: K
- Comma
- Ident: V
- RBracket
- Colon
- Colon
- Ident: get_predecessor
- LParen
- Star
- SelfLower
- Comma
- Ident: node
- Colon
- Star
- Ident: BTreeNode
- LBracket
- Ident: K
- Comma
- Ident: V
- RBracket
- RParen
- Arrow
- LParen
- Ident: K
- Comma
- Ident: V
- RParen
- Newline
- Indent
- Where
- Ident: K
- Colon
- Ident: Clone
- Comma
- Ident: V
- Colon
- Ident: Clone
- Newline
- If
- Ident: node
- Dot
- Ident: is_leaf
- LParen
- RParen
- Newline
- Indent
- Return
- LParen
- Ident: node
- Dot
- Ident: keys
- LBracket
- Ident: node
- Dot
- Ident: num_keys
- Minus
- IntegerLiteral:
    base: Decimal
    digits: "1"
    suffix: ~
- RBracket
- Comma
- Ident: node
- Dot
- Ident: values
- LBracket
- Ident: node
- Dot
- Ident: num_keys
- Minus
- IntegerLiteral:
    base: Decimal
    digits: "1"
    suffix: ~
- RBracket
- RParen
- Newline
- Newline
- Dedent
- Return
- SelfLower
- Dot
- Ident: get_predecessor
- LParen
- Ident: node
- Dot
- Ident: children
- LBracket
- Ident: node
- Dot
- Ident: num_keys
- RBracket
- RParen
- Newline
- Dedent
- Func
- Ident: BTree
- LBracket
- Ident: K
- Comma
- Ident: V
- RBracket
- Colon
- Colon
- Ident: get_successor
- LParen
- Star
- SelfLower
- Comma
- Ident: node
- Colon
- Star
- Ident: BTreeNode
- LBracket
- Ident: K
- Comma
- Ident: V
- RBracket
- RParen
- Arrow
- LParen
- Ident: K
- Comma
- Ident: V
- RParen
- Newline
- Indent
- Where
- Ident: K
- Colon
- Ident: Clone
- Comma
- Ident: V
- Colon
- Ident: Clone
- Newline
- If
- Ident: node
- Dot
- Ident: is_leaf
- LParen
- RParen
- Newline
- Indent
- Return
- LParen
- Ident: node
- Dot
- Ident: keys
- LBracket
- IntegerLiteral:
    base: Decimal
    digits: "0"
    suffix: ~
- RBracket
- Comma
- Ident: node
- Dot
- Ident: values
- LBracket
- IntegerLiteral:
    base: Decimal
    digits: "0"
    suffix: ~
- RBracket
- RParen
- Newline
- Newline
- Dedent
- Return
- SelfLower
- Dot
- Ident: get_successor
- LParen
- Ident: node
- Dot
- Ident: children
- LBracket
- IntegerLiteral:
    base: Decimal
    digits: "0"
    suffix: ~
- RBracket
- RParen
- Newline
- Dedent
- Func
- Bang
- Ident: BTree
- LBracket
- Ident: K
- Comma
- Ident: V
- RBracket
- Colon
- Colon
- Ident: merge_nodes
- LParen
- Star
- Mut
- SelfLower
- Comma
- Ident: parent
- Colon
- Star
- Mut
- Ident: BTreeNode
- LBracket
- Ident: K
- Comma
- Ident: V
- RBracket
- Comma
- Ident: index
- Colon
- USize
- RParen
- Arrow
- OkLiteral
- Newline
- Indent
- Where
- Ident: K
- Colon
- Ident: Clone
- Comma
- Ident: V
- Colon
- Ident: Clone
- Newline
- Let
- Ident: left
- Eq
- Ident: parent
- Dot
- Ident: children
- LBracket
- Ident: index
- RBracket
- Newline
- Let
- Ident: right
- Eq
- Ident: parent
- Dot
- Ident: children
- LBracket
- Ident: index
- Plus
- IntegerLiteral:
    base: Decimal
    digits: "1"
    suffix: ~
- RBracket
- Newline
- Newline
- Ident: left
- Dot
- Ident: keys
- Dot
- Ident: push
- LParen
- Ident: parent
- Dot
- Ident: keys
- LBracket
- Ident: index
- RBracket
- RParen
- Newline
- Ident: left
- Dot
- Ident: values
- Dot
- Ident: push
- LParen
- Ident: parent
- Dot
- Ident: values
- LBracket
- Ident: index
- RBracket
- RParen
- Newline
- Newline
- For
- Ident: i
- In
- Ident: range
- LParen
- IntegerLiteral:
    base: Decimal
    digits: "0"
    suffix: ~
- Comma
- Ident: right
- Dot
- Ident: num_keys
- RParen
- Newline
- Indent
- Ident: left
- Dot
- Ident: keys
- Dot
- Ident: push
- LParen
- Ident: right
- Dot
- Ident: keys
- LBracket
- Ident: i
- RBracket
- RParen
- Newline
- Ident: left
- Dot
- Ident: values
- Dot
- Ident: push
- LParen
- Ident: right
- Dot
- Ident: values
- LBracket
- Ident: i
- RBracket
- RParen
- Newline
- Newline
- Dedent
- If
- Bang
- Ident: left
- Dot
- Ident: is_leaf
- LParen
- RParen
- Newline
- Indent
- For
- Ident: i
- In
- Ident: range
- LParen
- IntegerLiteral:
    base: Decimal
    digits: "0"
    suffix: ~
- Comma
- Ident: right
- Dot
- Ident: num_keys
- Plus
- IntegerLiteral:
    base: Decimal
    digits: "1"
    suffix: ~
- RParen
- Newline
- Indent
- Ident: left
- Dot
- Ident: children
- Dot
- Ident: push
- LParen
- Ident: right
- Dot
- Ident: children
- LBracket
- Ident: i
- RBracket
- RParen
- Newline
- Newline
- Dedent
- Dedent
- Ident: left
- Dot
- Ident: num_keys
- Eq
- Ident: left
- Dot
- Ident: num_keys
- Plus
- Ident: right
- Dot
- Ident: num_keys
- Plus
- IntegerLiteral:
    base: Decimal
    digits: "1"
    suffix: ~
- Newline
- Newline
- Ident: parent
- Dot
- Ident: keys
- Dot
- Ident: remove
- LParen
- Ident: index
- RParen
- Newline
- Ident: parent
- Dot
- Ident: values
- Dot
- Ident: remove
- LParen
- Ident: index
- RParen
- Newline
- Ident: parent
- Dot
- Ident: children
- Dot
- Ident: remove
- LParen
- Ident: index
- Plus
- IntegerLiteral:
    base: Decimal
    digits: "1"
    suffix: ~
- RParen
- Newline
- Ident: parent
- Dot
- Ident: num_keys
- Eq
- Ident: parent
- Dot
- Ident: num_keys
- Minus
- IntegerLiteral:
    base: Decimal
    digits: "1"
    suffix: ~
- Newline
- Newline
- Pass
- Newline
- Dedent
- Func
- Ident: BTree
- LBracket
- Ident: K
- Comma
- Ident: V
- RBracket
- Colon
- Colon
- Ident: len
- LParen
- Star
- SelfLower
- RParen
- Arrow
- USize
- Newline
- Indent
- Return
- SelfLower
- Dot
- Ident: size
- Newline
- Dedent
- Func
- Ident: BTree
- LBracket
- Ident: K
- Comma
- Ident: V
- RBracket
- Colon
- Colon
- Ident: is_empty
- LParen
- Star
- SelfLower
- RParen
- Arrow
- Bool
- Newline
- Indent
- Return
- SelfLower
- Dot
- Ident: size
- EqEq
- IntegerLiteral:
    base: Decimal
    digits: "0"
    suffix: ~
- Newline
- Dedent
- Func
- Ident: BTree
- LBracket
- Ident: K
- Comma
- Ident: V
- RBracket
- Colon
- Colon
- Ident: height
- LParen
- Star
- SelfLower
- RParen
- Arrow
- USize
- Newline
- Indent
- Return
- SelfLower
- Dot
- Ident: height
- Newline
- Dedent
- Func
- Bang
- Ident: BTree
- LBracket
- Ident: K
- Comma
- Ident: V
- RBracket
- Colon
- Colon
- Ident: clear
- LParen
- Star
- Mut
- SelfLower
- RParen
- Arrow
- OkLiteral
- Newline
- Indent
- SelfLower
- Dot
- Ident: root
- Eq
- "Null"
- Newline
- SelfLower
- Dot
- Ident: size
- Eq
- IntegerLiteral:
    base: Decimal
    digits: "0"
    suffix: ~
- Newline
- SelfLower
- Dot
- Ident: height
- Eq
- IntegerLiteral:
    base: Decimal
    digits: "0"
    suffix: ~
- Newline
- Pass
- Newline
- Newline
- Dedent
- Func
- Bang
- Ident: BTreeNode
- LBracket
- Ident: K
- Comma
- Ident: V
- RBracket
- Colon
- Colon
- Ident: new_leaf
- LParen
- RParen
- Arrow
- Star
- Mut
- Ident: BTreeNode
- LBracket
- Ident: K
- Comma
- Ident: V
- RBracket
- Newline
- Indent
- Let
- Ident: node
- Eq
- Ident: allocate
- LBracket
- Ident: BTreeNode
- LBracket
- Ident: K
- Comma
- Ident: V
- RBracket
- RBracket
- LParen
- RParen
- Newline
- Ident: node
- Dot
- Ident: keys
- Eq
- LBracket
- RBracket
- Newline
- Ident: node
- Dot
- Ident: values
- Eq
- LBracket
- RBracket
- Newline
- Ident: node
- Dot
- Ident: children
- Eq
- LBracket
- RBracket
- Newline
- Ident: node
- Dot
- Ident: parent
- Eq
- "Null"
- Newline
- Ident: node
- Dot
- Ident: node_type
- Eq
- Ident: NodeType
- Colon
- Colon
- Ident: LEAF
- Newline
- Ident: node
- Dot
- Ident: num_keys
- Eq
- IntegerLiteral:
    base: Decimal
    digits: "0"
    suffix: ~
- Newline
- Return
- Ident: node
- Newline
- Dedent
- Func
- Bang
- Ident: BTreeNode
- LBracket
- Ident: K
- Comma
- Ident: V
- RBracket
- Colon
- Colon
- Ident: new_internal
- LParen
- RParen
- Arrow
- Star
- Mut
- Ident: BTreeNode
- LBracket
- Ident: K
- Comma
- Ident: V
- RBracket
- Newline
- Indent
- Let
- Ident: node
- Eq
- Ident: allocate
- LBracket
- Ident: BTreeNode
- LBracket
- Ident: K
- Comma
- Ident: V
- RBracket
- RBracket
- LParen
- RParen
- Newline
- Ident: node
- Dot
- Ident: keys
- Eq
- LBracket
- RBracket
- Newline
- Ident: node
- Dot
- Ident: values
- Eq
- LBracket
- RBracket
- Newline
- Ident: node
- Dot
- Ident: children
- Eq
- LBracket
- RBracket
- Newline
- Ident: node
- Dot
- Ident: parent
- Eq
- "Null"
- Newline
- Ident: node
- Dot
- Ident: node_type
- Eq
- Ident: NodeType
- Colon
- Colon
- Ident: INTERNAL
- Newline
- Ident: node
- Dot
- Ident: num_keys
- Eq
- IntegerLiteral:
    base: Decimal
    digits: "0"
    suffix: ~
- Newline
- Return
- Ident: node
- Newline
- Dedent
- Func
- Ident: BTreeNode
- LBracket
- Ident: K
- Comma
- Ident: V
- RBracket
- Colon
- Colon
- Ident: is_leaf
- LParen
- Star
- SelfLower
- RParen
- Arrow
- Bool
- Newline
- Indent
- Return
- SelfLower
- Dot
- Ident: node_type
- EqEq
- Ident: NodeType
- Colon
- Colon
- Ident: LEAF
- Newline
- Dedent
- Func
- Ident: BTreeNode
- LBracket
- Ident: K
- Comma
- Ident: V
- RBracket
- Colon
- Colon
- Ident: is_full
- LParen
- Star
- SelfLower
- RParen
- Arrow
- Bool
- Newline
- Indent
- Return
- SelfLower
- Dot
- Ident: num_keys
- Ge
- Ident: MAX_KEYS
- Newline
- Newline
- Dedent
- Interface
- Ident: Ord
- Newline
- Indent
- Func
- Ident: compare
- LParen
- Star
- SelfLower
- Comma
- Ident: other
- Colon
- Star
- SelfKeyword
- RParen
- Arrow
- I32
- Newline
- Dedent
- Interface
- Ident: Clone
- Newline
- Indent
- Func
- Ident: clone
- LParen
- Star
- SelfLower
- RParen
- Arrow
- SelfKeyword
- Newline
- Newline
- Dedent
- Func
- Bang
- Ident: allocate
- LBracket
- Ident: T
- RBracket
- LParen
- RParen
- Arrow
- Star
- Mut
- Ident: T
- Newline
- Indent
- Pass
- Newline
- Dedent
