---
source: crates/nyx-lexer/tests/integration_tests.rs
expression: tokens
---
- Newline
- Using
- Core
- Colon
- Colon
- Ident: memory
- Newline
- Const
- Ident: ELF_MAGIC
- Colon
- U32
- Eq
- IntegerLiteral:
    base: Hex
    digits: 7F454C46
    suffix: ~
- Newline
- Const
- Ident: ELFCLASS32
- Colon
- U8
- Eq
- IntegerLiteral:
    base: Decimal
    digits: "1"
    suffix: ~
- Newline
- Const
- Ident: ELFCLASS64
- Colon
- U8
- Eq
- IntegerLiteral:
    base: Decimal
    digits: "2"
    suffix: ~
- Newline
- Const
- Ident: ELFDATA2LSB
- Colon
- U8
- Eq
- IntegerLiteral:
    base: Decimal
    digits: "1"
    suffix: ~
- Newline
- Const
- Ident: ELFDATA2MSB
- Colon
- U8
- Eq
- IntegerLiteral:
    base: Decimal
    digits: "2"
    suffix: ~
- Newline
- Enum
- Ident: ElfClass
- Newline
- Indent
- Ident: CLASS32
- Newline
- Ident: CLASS64
- Newline
- Dedent
- Enum
- Ident: ElfEndian
- Newline
- Indent
- Ident: LITTLE_ENDIAN
- Newline
- Ident: BIG_ENDIAN
- Newline
- Dedent
- Enum
- Ident: ElfType
- Newline
- Indent
- Ident: ET_NONE
- Newline
- Ident: ET_REL
- Newline
- Ident: ET_EXEC
- Newline
- Ident: ET_DYN
- Newline
- Ident: ET_CORE
- Newline
- Dedent
- Enum
- Ident: ElfMachine
- Newline
- Indent
- Ident: EM_NONE
- Newline
- Ident: EM_X86
- Newline
- Ident: EM_X86_64
- Newline
- Ident: EM_ARM
- Newline
- Ident: EM_AARCH64
- Newline
- Ident: EM_RISCV
- Newline
- Dedent
- Union
- Ident: ElfParseError
- Newline
- Indent
- Ident: invalid_magic
- Colon
- U32
- Newline
- Ident: unsupported_class
- Colon
- U8
- Newline
- Ident: unsupported_endian
- Colon
- U8
- Newline
- Ident: truncated_file
- Colon
- OkLiteral
- Newline
- Ident: invalid_section_offset
- Colon
- USize
- Newline
- Dedent
- Union
- Ident: ElfResult
- LBracket
- Ident: T
- RBracket
- Newline
- Indent
- OkLiteral
- Colon
- Ident: T
- Newline
- Ident: err
- Colon
- Ident: ElfParseError
- Newline
- Dedent
- Export
- Struct
- Ident: ElfFile
- Newline
- Indent
- Ident: header
- Colon
- Ident: ElfHeader
- Newline
- Ident: program_headers
- Colon
- LBracket
- Ident: ElfProgramHeader
- RBracket
- Newline
- Ident: section_headers
- Colon
- LBracket
- Ident: ElfSectionHeader
- RBracket
- Newline
- Ident: sections
- Colon
- LBracket
- Ident: ElfSection
- RBracket
- Newline
- Ident: symbols
- Colon
- LBracket
- Ident: ElfSymbol
- RBracket
- Newline
- Dedent
- Struct
- Ident: ElfHeader
- Newline
- Indent
- Ident: class
- Colon
- Ident: ElfClass
- Newline
- Ident: endian
- Colon
- Ident: ElfEndian
- Newline
- Ident: version
- Colon
- U8
- Newline
- Ident: osabi
- Colon
- U8
- Newline
- Ident: abi_version
- Colon
- U8
- Newline
- Ident: elf_type
- Colon
- Ident: ElfType
- Newline
- Ident: machine
- Colon
- Ident: ElfMachine
- Newline
- Ident: entry_point
- Colon
- U64
- Newline
- Ident: program_header_offset
- Colon
- U64
- Newline
- Ident: section_header_offset
- Colon
- U64
- Newline
- Ident: flags
- Colon
- U32
- Newline
- Ident: header_size
- Colon
- U16
- Newline
- Ident: program_header_entry_size
- Colon
- U16
- Newline
- Ident: program_header_count
- Colon
- U16
- Newline
- Ident: section_header_entry_size
- Colon
- U16
- Newline
- Ident: section_header_count
- Colon
- U16
- Newline
- Ident: section_string_table_index
- Colon
- U16
- Newline
- Dedent
- Struct
- Ident: ElfProgramHeader
- Newline
- Indent
- Ident: segment_type
- Colon
- U32
- Newline
- Ident: flags
- Colon
- U32
- Newline
- Ident: offset
- Colon
- U64
- Newline
- Ident: virtual_address
- Colon
- U64
- Newline
- Ident: physical_address
- Colon
- U64
- Newline
- Ident: file_size
- Colon
- U64
- Newline
- Ident: memory_size
- Colon
- U64
- Newline
- Ident: alignment
- Colon
- U64
- Newline
- Dedent
- Struct
- Ident: ElfSectionHeader
- Newline
- Indent
- Ident: name_offset
- Colon
- U32
- Newline
- Ident: section_type
- Colon
- U32
- Newline
- Ident: flags
- Colon
- U64
- Newline
- Ident: address
- Colon
- U64
- Newline
- Ident: offset
- Colon
- U64
- Newline
- Ident: size
- Colon
- U64
- Newline
- Ident: link
- Colon
- U32
- Newline
- Ident: info
- Colon
- U32
- Newline
- Ident: alignment
- Colon
- U64
- Newline
- Ident: entry_size
- Colon
- U64
- Newline
- Dedent
- Struct
- Ident: ElfSection
- Newline
- Indent
- Ident: name
- Colon
- LBracket
- U8
- RBracket
- Newline
- Ident: header
- Colon
- Ident: ElfSectionHeader
- Newline
- Ident: data
- Colon
- LBracket
- U8
- RBracket
- Newline
- Dedent
- Struct
- Ident: ElfSymbol
- Newline
- Indent
- Ident: name
- Colon
- LBracket
- U8
- RBracket
- Newline
- Ident: value
- Colon
- U64
- Newline
- Ident: size
- Colon
- U64
- Newline
- Ident: info
- Colon
- U8
- Newline
- Ident: other
- Colon
- U8
- Newline
- Ident: section_index
- Colon
- U16
- Newline
- Dedent
- Func
- Bang
- Ident: ElfFile
- Colon
- Colon
- Ident: parse
- LParen
- Ident: data
- Colon
- LBracket
- U8
- RBracket
- RParen
- Arrow
- Ident: ElfResult
- LBracket
- Ident: ElfFile
- RBracket
- Newline
- Indent
- Mut
- Ident: parser
- Eq
- Ident: ElfParser
- Colon
- Colon
- Ident: new
- LParen
- Ident: data
- RParen
- Newline
- Return
- Ident: parser
- Dot
- Ident: parse
- LParen
- RParen
- Newline
- Dedent
- Func
- Ident: ElfFile
- Colon
- Colon
- Ident: get_section
- LParen
- Star
- SelfLower
- Comma
- Ident: name
- Colon
- LBracket
- U8
- RBracket
- RParen
- Arrow
- Question
- Star
- Ident: ElfSection
- Newline
- Indent
- For
- Ident: i
- In
- Ident: range
- LParen
- IntegerLiteral:
    base: Decimal
    digits: "0"
    suffix: ~
- Comma
- SelfLower
- Dot
- Ident: sections
- Dot
- Ident: len
- RParen
- Newline
- Indent
- If
- Ident: bytes_equal
- LParen
- SelfLower
- Dot
- Ident: sections
- LBracket
- Ident: i
- RBracket
- Dot
- Ident: name
- Comma
- Ident: name
- RParen
- Newline
- Indent
- Return
- And
- SelfLower
- Dot
- Ident: sections
- LBracket
- Ident: i
- RBracket
- Newline
- Newline
- Dedent
- Dedent
- Return
- "Null"
- Newline
- Dedent
- Func
- Ident: ElfFile
- Colon
- Colon
- Ident: find_symbol
- LParen
- Star
- SelfLower
- Comma
- Ident: name
- Colon
- LBracket
- U8
- RBracket
- RParen
- Arrow
- Question
- Star
- Ident: ElfSymbol
- Newline
- Indent
- For
- Ident: i
- In
- Ident: range
- LParen
- IntegerLiteral:
    base: Decimal
    digits: "0"
    suffix: ~
- Comma
- SelfLower
- Dot
- Ident: symbols
- Dot
- Ident: len
- RParen
- Newline
- Indent
- If
- Ident: bytes_equal
- LParen
- SelfLower
- Dot
- Ident: symbols
- LBracket
- Ident: i
- RBracket
- Dot
- Ident: name
- Comma
- Ident: name
- RParen
- Newline
- Indent
- Return
- And
- SelfLower
- Dot
- Ident: symbols
- LBracket
- Ident: i
- RBracket
- Newline
- Newline
- Dedent
- Dedent
- Return
- "Null"
- Newline
- Dedent
- Func
- Ident: ElfFile
- Colon
- Colon
- Ident: get_entry_point
- LParen
- Star
- SelfLower
- RParen
- Arrow
- U64
- Newline
- Indent
- Return
- SelfLower
- Dot
- Ident: header
- Dot
- Ident: entry_point
- Newline
- Newline
- Dedent
- Struct
- Ident: ElfParser
- Newline
- Indent
- Ident: data
- Colon
- LBracket
- U8
- RBracket
- Newline
- Ident: position
- Colon
- USize
- Newline
- Ident: is_64bit
- Colon
- Bool
- Newline
- Ident: is_little_endian
- Colon
- Bool
- Newline
- Dedent
- Func
- Bang
- Ident: ElfParser
- Colon
- Colon
- Ident: new
- LParen
- Ident: data
- Colon
- LBracket
- U8
- RBracket
- RParen
- Arrow
- Ident: ElfParser
- Newline
- Indent
- Return
- Ident: ElfParser
- LParen
- Newline
- Indent
- Ident: data
- Colon
- Ident: data
- Comma
- Newline
- Ident: position
- Colon
- IntegerLiteral:
    base: Decimal
    digits: "0"
    suffix: ~
- Comma
- Newline
- Ident: is_64bit
- Colon
- "False"
- Comma
- Newline
- Ident: is_little_endian
- Colon
- "True"
- Newline
- Dedent
- RParen
- Newline
- Dedent
- Func
- Bang
- Ident: ElfParser
- Colon
- Colon
- Ident: parse
- LParen
- Star
- Mut
- SelfLower
- RParen
- Arrow
- Ident: ElfResult
- LBracket
- Ident: ElfFile
- RBracket
- Newline
- Indent
- Let
- Ident: header_result
- Eq
- SelfLower
- Dot
- Ident: parse_header
- LParen
- RParen
- Newline
- Let
- Ident: header
- Eq
- Ident: header_result
- Dot
- OkLiteral
- Newline
- Newline
- Let
- Ident: program_headers
- Eq
- SelfLower
- Dot
- Ident: parse_program_headers
- LParen
- And
- Ident: header
- RParen
- Newline
- Let
- Ident: section_headers
- Eq
- SelfLower
- Dot
- Ident: parse_section_headers
- LParen
- And
- Ident: header
- RParen
- Newline
- Newline
- Let
- Ident: sections
- Eq
- SelfLower
- Dot
- Ident: parse_sections
- LParen
- And
- Ident: section_headers
- Comma
- And
- Ident: header
- RParen
- Newline
- Let
- Ident: symbols
- Eq
- SelfLower
- Dot
- Ident: parse_symbols
- LParen
- And
- Ident: sections
- RParen
- Newline
- Newline
- Let
- Ident: elf
- Eq
- Ident: ElfFile
- LParen
- Newline
- Indent
- Ident: header
- Colon
- Ident: header
- Comma
- Newline
- Ident: program_headers
- Colon
- Ident: program_headers
- Comma
- Newline
- Ident: section_headers
- Colon
- Ident: section_headers
- Comma
- Newline
- Ident: sections
- Colon
- Ident: sections
- Comma
- Newline
- Ident: symbols
- Colon
- Ident: symbols
- Newline
- Dedent
- RParen
- Newline
- Newline
- Return
- Ident: ElfResult
- LBracket
- Ident: ElfFile
- RBracket
- Colon
- Colon
- OkLiteral
- LParen
- Ident: elf
- RParen
- Newline
- Dedent
- Func
- Bang
- Ident: ElfParser
- Colon
- Colon
- Ident: parse_header
- LParen
- Star
- Mut
- SelfLower
- RParen
- Arrow
- Ident: ElfResult
- LBracket
- Ident: ElfHeader
- RBracket
- Newline
- Indent
- Let
- Ident: magic
- Eq
- SelfLower
- Dot
- Ident: read_u32
- LParen
- RParen
- Newline
- Newline
- If
- Ident: magic
- Ne
- Ident: ELF_MAGIC
- Newline
- Indent
- Return
- Ident: ElfResult
- LBracket
- Ident: ElfHeader
- RBracket
- Colon
- Colon
- Ident: err
- LParen
- Ident: ElfParseError
- Colon
- Colon
- Ident: invalid_magic
- LParen
- Ident: magic
- RParen
- RParen
- Newline
- Newline
- Dedent
- Let
- Ident: class
- Eq
- SelfLower
- Dot
- Ident: read_u8
- LParen
- RParen
- Newline
- Let
- Ident: endian
- Eq
- SelfLower
- Dot
- Ident: read_u8
- LParen
- RParen
- Newline
- Let
- Ident: version
- Eq
- SelfLower
- Dot
- Ident: read_u8
- LParen
- RParen
- Newline
- Let
- Ident: osabi
- Eq
- SelfLower
- Dot
- Ident: read_u8
- LParen
- RParen
- Newline
- Let
- Ident: abi_version
- Eq
- SelfLower
- Dot
- Ident: read_u8
- LParen
- RParen
- Newline
- Newline
- SelfLower
- Dot
- Ident: position
- Eq
- SelfLower
- Dot
- Ident: position
- Plus
- IntegerLiteral:
    base: Decimal
    digits: "7"
    suffix: ~
- Newline
- Newline
- SelfLower
- Dot
- Ident: is_64bit
- Eq
- Ident: class
- EqEq
- Ident: ELFCLASS64
- Newline
- SelfLower
- Dot
- Ident: is_little_endian
- Eq
- Ident: endian
- EqEq
- Ident: ELFDATA2LSB
- Newline
- Newline
- Let
- Ident: elf_type_raw
- Eq
- SelfLower
- Dot
- Ident: read_u16
- LParen
- RParen
- Newline
- Let
- Ident: machine_raw
- Eq
- SelfLower
- Dot
- Ident: read_u16
- LParen
- RParen
- Newline
- Let
- Ident: file_version
- Eq
- SelfLower
- Dot
- Ident: read_u32
- LParen
- RParen
- Newline
- Newline
- Let
- Ident: entry_point
- Eq
- If
- SelfLower
- Dot
- Ident: is_64bit
- Ident: then
- SelfLower
- Dot
- Ident: read_u64
- LParen
- RParen
- Else
- SelfLower
- Dot
- Ident: read_u32
- LParen
- RParen
- As
- U64
- Newline
- Let
- Ident: program_header_offset
- Eq
- If
- SelfLower
- Dot
- Ident: is_64bit
- Ident: then
- SelfLower
- Dot
- Ident: read_u64
- LParen
- RParen
- Else
- SelfLower
- Dot
- Ident: read_u32
- LParen
- RParen
- As
- U64
- Newline
- Let
- Ident: section_header_offset
- Eq
- If
- SelfLower
- Dot
- Ident: is_64bit
- Ident: then
- SelfLower
- Dot
- Ident: read_u64
- LParen
- RParen
- Else
- SelfLower
- Dot
- Ident: read_u32
- LParen
- RParen
- As
- U64
- Newline
- Newline
- Let
- Ident: flags
- Eq
- SelfLower
- Dot
- Ident: read_u32
- LParen
- RParen
- Newline
- Let
- Ident: header_size
- Eq
- SelfLower
- Dot
- Ident: read_u16
- LParen
- RParen
- Newline
- Let
- Ident: program_header_entry_size
- Eq
- SelfLower
- Dot
- Ident: read_u16
- LParen
- RParen
- Newline
- Let
- Ident: program_header_count
- Eq
- SelfLower
- Dot
- Ident: read_u16
- LParen
- RParen
- Newline
- Let
- Ident: section_header_entry_size
- Eq
- SelfLower
- Dot
- Ident: read_u16
- LParen
- RParen
- Newline
- Let
- Ident: section_header_count
- Eq
- SelfLower
- Dot
- Ident: read_u16
- LParen
- RParen
- Newline
- Let
- Ident: section_string_table_index
- Eq
- SelfLower
- Dot
- Ident: read_u16
- LParen
- RParen
- Newline
- Newline
- Let
- Ident: header
- Eq
- Ident: ElfHeader
- LParen
- Newline
- Indent
- Ident: class
- Colon
- If
- Ident: class
- EqEq
- Ident: ELFCLASS64
- Ident: then
- Ident: ElfClass
- Colon
- Colon
- Ident: CLASS64
- Else
- Ident: ElfClass
- Colon
- Colon
- Ident: CLASS32
- Comma
- Newline
- Ident: endian
- Colon
- If
- Ident: endian
- EqEq
- Ident: ELFDATA2LSB
- Ident: then
- Ident: ElfEndian
- Colon
- Colon
- Ident: LITTLE_ENDIAN
- Else
- Ident: ElfEndian
- Colon
- Colon
- Ident: BIG_ENDIAN
- Comma
- Newline
- Ident: version
- Colon
- Ident: version
- Comma
- Newline
- Ident: osabi
- Colon
- Ident: osabi
- Comma
- Newline
- Ident: abi_version
- Colon
- Ident: abi_version
- Comma
- Newline
- Ident: elf_type
- Colon
- Ident: ElfType
- Colon
- Colon
- Ident: ET_EXEC
- Comma
- Newline
- Ident: machine
- Colon
- Ident: ElfMachine
- Colon
- Colon
- Ident: EM_X86_64
- Comma
- Newline
- Ident: entry_point
- Colon
- Ident: entry_point
- Comma
- Newline
- Ident: program_header_offset
- Colon
- Ident: program_header_offset
- Comma
- Newline
- Ident: section_header_offset
- Colon
- Ident: section_header_offset
- Comma
- Newline
- Ident: flags
- Colon
- Ident: flags
- Comma
- Newline
- Ident: header_size
- Colon
- Ident: header_size
- Comma
- Newline
- Ident: program_header_entry_size
- Colon
- Ident: program_header_entry_size
- Comma
- Newline
- Ident: program_header_count
- Colon
- Ident: program_header_count
- Comma
- Newline
- Ident: section_header_entry_size
- Colon
- Ident: section_header_entry_size
- Comma
- Newline
- Ident: section_header_count
- Colon
- Ident: section_header_count
- Comma
- Newline
- Ident: section_string_table_index
- Colon
- Ident: section_string_table_index
- Newline
- Dedent
- RParen
- Newline
- Newline
- Return
- Ident: ElfResult
- LBracket
- Ident: ElfHeader
- RBracket
- Colon
- Colon
- OkLiteral
- LParen
- Ident: header
- RParen
- Newline
- Dedent
- Func
- Bang
- Ident: ElfParser
- Colon
- Colon
- Ident: parse_program_headers
- LParen
- Star
- Mut
- SelfLower
- Comma
- Ident: header
- Colon
- Star
- Ident: ElfHeader
- RParen
- Arrow
- LBracket
- Ident: ElfProgramHeader
- RBracket
- Newline
- Indent
- Mut
- Ident: headers
- Colon
- LBracket
- Ident: ElfProgramHeader
- RBracket
- Eq
- LBracket
- RBracket
- Newline
- Newline
- SelfLower
- Dot
- Ident: position
- Eq
- Ident: header
- Dot
- Ident: program_header_offset
- As
- USize
- Newline
- Newline
- For
- Ident: i
- In
- Ident: range
- LParen
- IntegerLiteral:
    base: Decimal
    digits: "0"
    suffix: ~
- Comma
- Ident: header
- Dot
- Ident: program_header_count
- As
- USize
- RParen
- Newline
- Indent
- Let
- Ident: segment_type
- Eq
- SelfLower
- Dot
- Ident: read_u32
- LParen
- RParen
- Newline
- Newline
- Let
- Ident: flags
- Eq
- If
- SelfLower
- Dot
- Ident: is_64bit
- Ident: then
- SelfLower
- Dot
- Ident: read_u32
- LParen
- RParen
- Else
- IntegerLiteral:
    base: Decimal
    digits: "0"
    suffix: ~
- Newline
- Newline
- Let
- Ident: offset
- Eq
- If
- SelfLower
- Dot
- Ident: is_64bit
- Ident: then
- SelfLower
- Dot
- Ident: read_u64
- LParen
- RParen
- Else
- SelfLower
- Dot
- Ident: read_u32
- LParen
- RParen
- As
- U64
- Newline
- Let
- Ident: virtual_address
- Eq
- If
- SelfLower
- Dot
- Ident: is_64bit
- Ident: then
- SelfLower
- Dot
- Ident: read_u64
- LParen
- RParen
- Else
- SelfLower
- Dot
- Ident: read_u32
- LParen
- RParen
- As
- U64
- Newline
- Let
- Ident: physical_address
- Eq
- If
- SelfLower
- Dot
- Ident: is_64bit
- Ident: then
- SelfLower
- Dot
- Ident: read_u64
- LParen
- RParen
- Else
- SelfLower
- Dot
- Ident: read_u32
- LParen
- RParen
- As
- U64
- Newline
- Let
- Ident: file_size
- Eq
- If
- SelfLower
- Dot
- Ident: is_64bit
- Ident: then
- SelfLower
- Dot
- Ident: read_u64
- LParen
- RParen
- Else
- SelfLower
- Dot
- Ident: read_u32
- LParen
- RParen
- As
- U64
- Newline
- Let
- Ident: memory_size
- Eq
- If
- SelfLower
- Dot
- Ident: is_64bit
- Ident: then
- SelfLower
- Dot
- Ident: read_u64
- LParen
- RParen
- Else
- SelfLower
- Dot
- Ident: read_u32
- LParen
- RParen
- As
- U64
- Newline
- Newline
- Let
- Ident: flags32
- Eq
- If
- Bang
- SelfLower
- Dot
- Ident: is_64bit
- Ident: then
- SelfLower
- Dot
- Ident: read_u32
- LParen
- RParen
- Else
- Ident: flags
- Newline
- Newline
- Let
- Ident: alignment
- Eq
- If
- SelfLower
- Dot
- Ident: is_64bit
- Ident: then
- SelfLower
- Dot
- Ident: read_u64
- LParen
- RParen
- Else
- SelfLower
- Dot
- Ident: read_u32
- LParen
- RParen
- As
- U64
- Newline
- Newline
- Let
- Ident: ph
- Eq
- Ident: ElfProgramHeader
- LParen
- Newline
- Indent
- Ident: segment_type
- Colon
- Ident: segment_type
- Comma
- Newline
- Ident: flags
- Colon
- Ident: flags32
- Comma
- Newline
- Ident: offset
- Colon
- Ident: offset
- Comma
- Newline
- Ident: virtual_address
- Colon
- Ident: virtual_address
- Comma
- Newline
- Ident: physical_address
- Colon
- Ident: physical_address
- Comma
- Newline
- Ident: file_size
- Colon
- Ident: file_size
- Comma
- Newline
- Ident: memory_size
- Colon
- Ident: memory_size
- Comma
- Newline
- Ident: alignment
- Colon
- Ident: alignment
- Newline
- Dedent
- RParen
- Newline
- Newline
- Ident: headers
- Dot
- Ident: push
- LParen
- Ident: ph
- RParen
- Newline
- Newline
- Dedent
- Return
- Ident: headers
- Newline
- Dedent
- Func
- Bang
- Ident: ElfParser
- Colon
- Colon
- Ident: parse_section_headers
- LParen
- Star
- Mut
- SelfLower
- Comma
- Ident: header
- Colon
- Star
- Ident: ElfHeader
- RParen
- Arrow
- LBracket
- Ident: ElfSectionHeader
- RBracket
- Newline
- Indent
- Mut
- Ident: headers
- Colon
- LBracket
- Ident: ElfSectionHeader
- RBracket
- Eq
- LBracket
- RBracket
- Newline
- Newline
- SelfLower
- Dot
- Ident: position
- Eq
- Ident: header
- Dot
- Ident: section_header_offset
- As
- USize
- Newline
- Newline
- For
- Ident: i
- In
- Ident: range
- LParen
- IntegerLiteral:
    base: Decimal
    digits: "0"
    suffix: ~
- Comma
- Ident: header
- Dot
- Ident: section_header_count
- As
- USize
- RParen
- Newline
- Indent
- Let
- Ident: name_offset
- Eq
- SelfLower
- Dot
- Ident: read_u32
- LParen
- RParen
- Newline
- Let
- Ident: section_type
- Eq
- SelfLower
- Dot
- Ident: read_u32
- LParen
- RParen
- Newline
- Let
- Ident: flags
- Eq
- If
- SelfLower
- Dot
- Ident: is_64bit
- Ident: then
- SelfLower
- Dot
- Ident: read_u64
- LParen
- RParen
- Else
- SelfLower
- Dot
- Ident: read_u32
- LParen
- RParen
- As
- U64
- Newline
- Let
- Ident: address
- Eq
- If
- SelfLower
- Dot
- Ident: is_64bit
- Ident: then
- SelfLower
- Dot
- Ident: read_u64
- LParen
- RParen
- Else
- SelfLower
- Dot
- Ident: read_u32
- LParen
- RParen
- As
- U64
- Newline
- Let
- Ident: offset
- Eq
- If
- SelfLower
- Dot
- Ident: is_64bit
- Ident: then
- SelfLower
- Dot
- Ident: read_u64
- LParen
- RParen
- Else
- SelfLower
- Dot
- Ident: read_u32
- LParen
- RParen
- As
- U64
- Newline
- Let
- Ident: size
- Eq
- If
- SelfLower
- Dot
- Ident: is_64bit
- Ident: then
- SelfLower
- Dot
- Ident: read_u64
- LParen
- RParen
- Else
- SelfLower
- Dot
- Ident: read_u32
- LParen
- RParen
- As
- U64
- Newline
- Let
- Ident: link
- Eq
- SelfLower
- Dot
- Ident: read_u32
- LParen
- RParen
- Newline
- Let
- Ident: info
- Eq
- SelfLower
- Dot
- Ident: read_u32
- LParen
- RParen
- Newline
- Let
- Ident: alignment
- Eq
- If
- SelfLower
- Dot
- Ident: is_64bit
- Ident: then
- SelfLower
- Dot
- Ident: read_u64
- LParen
- RParen
- Else
- SelfLower
- Dot
- Ident: read_u32
- LParen
- RParen
- As
- U64
- Newline
- Let
- Ident: entry_size
- Eq
- If
- SelfLower
- Dot
- Ident: is_64bit
- Ident: then
- SelfLower
- Dot
- Ident: read_u64
- LParen
- RParen
- Else
- SelfLower
- Dot
- Ident: read_u32
- LParen
- RParen
- As
- U64
- Newline
- Newline
- Let
- Ident: sh
- Eq
- Ident: ElfSectionHeader
- LParen
- Newline
- Indent
- Ident: name_offset
- Colon
- Ident: name_offset
- Comma
- Newline
- Ident: section_type
- Colon
- Ident: section_type
- Comma
- Newline
- Ident: flags
- Colon
- Ident: flags
- Comma
- Newline
- Ident: address
- Colon
- Ident: address
- Comma
- Newline
- Ident: offset
- Colon
- Ident: offset
- Comma
- Newline
- Ident: size
- Colon
- Ident: size
- Comma
- Newline
- Ident: link
- Colon
- Ident: link
- Comma
- Newline
- Ident: info
- Colon
- Ident: info
- Comma
- Newline
- Ident: alignment
- Colon
- Ident: alignment
- Comma
- Newline
- Ident: entry_size
- Colon
- Ident: entry_size
- Newline
- Dedent
- RParen
- Newline
- Newline
- Ident: headers
- Dot
- Ident: push
- LParen
- Ident: sh
- RParen
- Newline
- Newline
- Dedent
- Return
- Ident: headers
- Newline
- Dedent
- Func
- Bang
- Ident: ElfParser
- Colon
- Colon
- Ident: parse_sections
- LParen
- Star
- Mut
- SelfLower
- Comma
- Ident: headers
- Colon
- Star
- LBracket
- Ident: ElfSectionHeader
- RBracket
- Comma
- Ident: elf_header
- Colon
- Star
- Ident: ElfHeader
- RParen
- Arrow
- LBracket
- Ident: ElfSection
- RBracket
- Newline
- Indent
- Mut
- Ident: sections
- Colon
- LBracket
- Ident: ElfSection
- RBracket
- Eq
- LBracket
- RBracket
- Newline
- Newline
- For
- Ident: i
- In
- Ident: range
- LParen
- IntegerLiteral:
    base: Decimal
    digits: "0"
    suffix: ~
- Comma
- Ident: headers
- Dot
- Ident: len
- RParen
- Newline
- Indent
- Let
- Ident: header
- Eq
- And
- Ident: headers
- LBracket
- Ident: i
- RBracket
- Newline
- Newline
- Let
- Ident: section
- Eq
- Ident: ElfSection
- LParen
- Newline
- Indent
- Ident: name
- Colon
- StringLiteral: ""
- Comma
- Newline
- Ident: header
- Colon
- Ident: header
- Comma
- Newline
- Ident: data
- Colon
- LBracket
- RBracket
- Newline
- Dedent
- RParen
- Newline
- Newline
- Ident: sections
- Dot
- Ident: push
- LParen
- Ident: section
- RParen
- Newline
- Newline
- Dedent
- Return
- Ident: sections
- Newline
- Dedent
- Func
- Bang
- Ident: ElfParser
- Colon
- Colon
- Ident: parse_symbols
- LParen
- Star
- Mut
- SelfLower
- Comma
- Ident: sections
- Colon
- Star
- LBracket
- Ident: ElfSection
- RBracket
- RParen
- Arrow
- LBracket
- Ident: ElfSymbol
- RBracket
- Newline
- Indent
- Mut
- Ident: symbols
- Colon
- LBracket
- Ident: ElfSymbol
- RBracket
- Eq
- LBracket
- RBracket
- Newline
- Return
- Ident: symbols
- Newline
- Dedent
- Func
- Bang
- Ident: ElfParser
- Colon
- Colon
- Ident: read_u8
- LParen
- Star
- Mut
- SelfLower
- RParen
- Arrow
- U8
- Newline
- Indent
- Let
- Ident: value
- Eq
- SelfLower
- Dot
- Ident: data
- LBracket
- SelfLower
- Dot
- Ident: position
- RBracket
- Newline
- SelfLower
- Dot
- Ident: position
- Eq
- SelfLower
- Dot
- Ident: position
- Plus
- IntegerLiteral:
    base: Decimal
    digits: "1"
    suffix: ~
- Newline
- Return
- Ident: value
- Newline
- Dedent
- Func
- Bang
- Ident: ElfParser
- Colon
- Colon
- Ident: read_u16
- LParen
- Star
- Mut
- SelfLower
- RParen
- Arrow
- U16
- Newline
- Indent
- Let
- Ident: b0
- Eq
- SelfLower
- Dot
- Ident: read_u8
- LParen
- RParen
- As
- U16
- Newline
- Let
- Ident: b1
- Eq
- SelfLower
- Dot
- Ident: read_u8
- LParen
- RParen
- As
- U16
- Newline
- Newline
- If
- SelfLower
- Dot
- Ident: is_little_endian
- Newline
- Indent
- Return
- Ident: b0
- Or
- LParen
- Ident: b1
- Shl
- IntegerLiteral:
    base: Decimal
    digits: "8"
    suffix: ~
- RParen
- Newline
- Newline
- Dedent
- Return
- LParen
- Ident: b0
- Shl
- IntegerLiteral:
    base: Decimal
    digits: "8"
    suffix: ~
- RParen
- Or
- Ident: b1
- Newline
- Dedent
- Func
- Bang
- Ident: ElfParser
- Colon
- Colon
- Ident: read_u32
- LParen
- Star
- Mut
- SelfLower
- RParen
- Arrow
- U32
- Newline
- Indent
- Let
- Ident: w0
- Eq
- SelfLower
- Dot
- Ident: read_u16
- LParen
- RParen
- As
- U32
- Newline
- Let
- Ident: w1
- Eq
- SelfLower
- Dot
- Ident: read_u16
- LParen
- RParen
- As
- U32
- Newline
- Newline
- If
- SelfLower
- Dot
- Ident: is_little_endian
- Newline
- Indent
- Return
- Ident: w0
- Or
- LParen
- Ident: w1
- Shl
- IntegerLiteral:
    base: Decimal
    digits: "16"
    suffix: ~
- RParen
- Newline
- Newline
- Dedent
- Return
- LParen
- Ident: w0
- Shl
- IntegerLiteral:
    base: Decimal
    digits: "16"
    suffix: ~
- RParen
- Or
- Ident: w1
- Newline
- Dedent
- Func
- Bang
- Ident: ElfParser
- Colon
- Colon
- Ident: read_u64
- LParen
- Star
- Mut
- SelfLower
- RParen
- Arrow
- U64
- Newline
- Indent
- Let
- Ident: d0
- Eq
- SelfLower
- Dot
- Ident: read_u32
- LParen
- RParen
- As
- U64
- Newline
- Let
- Ident: d1
- Eq
- SelfLower
- Dot
- Ident: read_u32
- LParen
- RParen
- As
- U64
- Newline
- Newline
- If
- SelfLower
- Dot
- Ident: is_little_endian
- Newline
- Indent
- Return
- Ident: d0
- Or
- LParen
- Ident: d1
- Shl
- IntegerLiteral:
    base: Decimal
    digits: "32"
    suffix: ~
- RParen
- Newline
- Newline
- Dedent
- Return
- LParen
- Ident: d0
- Shl
- IntegerLiteral:
    base: Decimal
    digits: "32"
    suffix: ~
- RParen
- Or
- Ident: d1
- Newline
- Dedent
- Func
- Ident: bytes_equal
- LParen
- Ident: a
- Colon
- LBracket
- U8
- RBracket
- Comma
- Ident: b
- Colon
- LBracket
- U8
- RBracket
- RParen
- Arrow
- Bool
- Newline
- Indent
- If
- Ident: a
- Dot
- Ident: len
- Ne
- Ident: b
- Dot
- Ident: len
- Newline
- Indent
- Return
- "False"
- Newline
- Newline
- Dedent
- For
- Ident: i
- In
- Ident: range
- LParen
- IntegerLiteral:
    base: Decimal
    digits: "0"
    suffix: ~
- Comma
- Ident: a
- Dot
- Ident: len
- RParen
- Newline
- Indent
- If
- Ident: a
- LBracket
- Ident: i
- RBracket
- Ne
- Ident: b
- LBracket
- Ident: i
- RBracket
- Newline
- Indent
- Return
- "False"
- Newline
- Newline
- Dedent
- Dedent
- Return
- "True"
- Newline
- Dedent
