---
source: crates/fig-parser/tests/integration_tests.rs
expression: ast
---
items:
  - Function:
      signature:
        visibility: Public
        annotations: []
        is_extern: false
        is_effect: false
        receiver: ~
        name: public_fn
        generic_params: []
        self_param: ~
        params: []
        return_types:
          - Ok
      body:
        statements:
          - Pass
  - Function:
      signature:
        visibility: Export
        annotations: []
        is_extern: false
        is_effect: false
        receiver: ~
        name: export_fn
        generic_params: []
        self_param: ~
        params: []
        return_types:
          - Ok
      body:
        statements:
          - Pass
  - Function:
      signature:
        visibility: Private
        annotations: []
        is_extern: false
        is_effect: false
        receiver: ~
        name: private_fn
        generic_params: []
        self_param: ~
        params: []
        return_types:
          - Ok
      body:
        statements:
          - Pass
  - Struct:
      visibility: Public
      annotations: []
      is_packed: false
      name: PublicS
      generic_params: []
      requires: []
      fields:
        - name: x
          ty: I32
  - Struct:
      visibility: Export
      annotations: []
      is_packed: false
      name: ExportS
      generic_params: []
      requires: []
      fields:
        - name: x
          ty: I32
  - Struct:
      visibility: Private
      annotations: []
      is_packed: false
      name: PrivateS
      generic_params: []
      requires: []
      fields:
        - name: x
          ty: I32
  - Enum:
      visibility: Public
      annotations: []
      name: PubEnum
      representation: ~
      generic_params: []
      requires: []
      variants:
        - name: A
          value: ~
        - name: B
          value: ~
  - Enum:
      visibility: Export
      annotations: []
      name: ExportEnum
      representation: ~
      generic_params: []
      requires: []
      variants:
        - name: A
          value: ~
        - name: B
          value: ~
